Using rack adapter
Thin web server (v1.7.2 codename Bachmanity)
Tracing ON
Maximum connections set to 1024
Listening on 0.0.0.0:8080, CTRL+C to stop
POST /callback HTTP/1.1
X-Line-Signature: BgODSHZwDfNZuxikfSTHZrUQRxD33Jk+V+cYh8Owu/Q=
Content-Type: application/json;charset=UTF-8
Content-Length: 241
Host: kakeibo.setouchino.cloud:8080
Accept: */*
User-Agent: LineBotWebhook/1.0


{"events":[{"type":"message","replyToken":"58ad43959cf84acea962c76187674ac4","source":{"userId":"U1b9bda9a6cd75bb434614ebbf1fcfcd7","type":"user"},"timestamp":1534723511510,"message":{"type":"text","id":"8444968039448","text":"かきく"}}]}
"debug"
HTTP/1.1 500 Internal Server Error
Strict-Transport-Security: max-age=31536000
Content-Type: text/html; charset=utf-8
Content-Length: 122994
X-Request-Id: adc0eb12-ef1e-4a01-aa25-ed3dc49a0669
X-Runtime: 0.452391
Connection: keep-alive
Server: thin


<!DOCTYPE html>
<html lang="en">
<head>
  <meta charset="utf-8" />
  <title>Action Controller: Exception caught</title>
  <style>
    body {
      background-color: #FAFAFA;
      color: #333;
      margin: 0px;
    }

    body, p, ol, ul, td {
      font-family: helvetica, verdana, arial, sans-serif;
      font-size:   13px;
      line-height: 18px;
    }

    pre {
      font-size: 11px;
      white-space: pre-wrap;
    }

    pre.box {
      border: 1px solid #EEE;
      padding: 10px;
      margin: 0px;
      width: 958px;
    }

    header {
      color: #F0F0F0;
      background: #C52F24;
      padding: 0.5em 1.5em;
    }

    h1 {
      margin: 0.2em 0;
      line-height: 1.1em;
      font-size: 2em;
    }

    h2 {
      color: #C52F24;
      line-height: 25px;
    }

    .details {
      border: 1px solid #D0D0D0;
      border-radius: 4px;
      margin: 1em 0px;
      display: block;
      width: 978px;
    }

    .summary {
      padding: 8px 15px;
      border-bottom: 1px solid #D0D0D0;
      display: block;
    }

    .details pre {
      margin: 5px;
      border: none;
    }

    #container {
      box-sizing: border-box;
      width: 100%;
      padding: 0 1.5em;
    }

    .source * {
      margin: 0px;
      padding: 0px;
    }

    .source {
      border: 1px solid #D9D9D9;
      background: #ECECEC;
      width: 978px;
    }

    .source pre {
      padding: 10px 0px;
      border: none;
    }

    .source .data {
      font-size: 80%;
      overflow: auto;
      background-color: #FFF;
    }

    .info {
      padding: 0.5em;
    }

    .source .data .line_numbers {
      background-color: #ECECEC;
      color: #AAA;
      padding: 1em .5em;
      border-right: 1px solid #DDD;
      text-align: right;
    }

    .line {
      padding-left: 10px;
    }

    .line:hover {
      background-color: #F6F6F6;
    }

    .line.active {
      background-color: #FFCCCC;
    }

    .hidden {
      display: none;
    }

    a { color: #980905; }
    a:visited { color: #666; }
    a.trace-frames { color: #666; }
    a:hover { color: #C52F24; }
    a.trace-frames.selected { color: #C52F24 }

    
  </style>

  <script>
    var toggle = function(id) {
      var s = document.getElementById(id).style;
      s.display = s.display == 'none' ? 'block' : 'none';
      return false;
    }
    var show = function(id) {
      document.getElementById(id).style.display = 'block';
    }
    var hide = function(id) {
      document.getElementById(id).style.display = 'none';
    }
    var toggleTrace = function() {
      return toggle('blame_trace');
    }
    var toggleSessionDump = function() {
      return toggle('session_dump');
    }
    var toggleEnvDump = function() {
      return toggle('env_dump');
    }
  </script>
</head>
<body>

<header>
  <h1>Template is missing</h1>
</header>

<div id="container">
  <h2>Missing template webhook/callback, application/callback with {:locale=&gt;[:en], :formats=&gt;[:html, :text, :js, :css, :ics, :csv, :vcf, :png, :jpeg, :gif, :bmp, :tiff, :mpeg, :xml, :rss, :atom, :yaml, :multipart_form, :url_encoded_form, :json, :pdf, :zip, :web_console_v2], :variants=&gt;[], :handlers=&gt;[:erb, :builder, :raw, :ruby, :coffee, :jbuilder]}. Searched in:
  * &quot;/var/www/kakeibo/app/views&quot;
  * &quot;/usr/local/rbenv/versions/2.3.0/lib/ruby/gems/2.3.0/gems/twitter-bootstrap-rails-3.2.2/app/views&quot;
</h2>

      <div class="source " id="frame-source-0">
      <div class="info">
        Extracted source (around line <strong>#46</strong>):
      </div>
      <div class="data">
        <table cellpadding="0" cellspacing="0" class="lines">
          <tr>
            <td>
              <pre class="line_numbers">
<span>44</span>
<span>45</span>
<span>46</span>
<span>47</span>
<span>48</span>
<span>49</span>
              </pre>
            </td>
<td width="100%">
<pre>
<div class="line">
</div><div class="line">    def find(*args)
</div><div class="line active">      find_all(*args).first || raise(MissingTemplate.new(self, *args))
</div><div class="line">    end
</div><div class="line">
</div><div class="line">    def find_all(path, prefixes = [], *args)
</div>
</pre>
</td>
          </tr>
        </table>
      </div>
    </div>
    <div class="source hidden" id="frame-source-1">
      <div class="info">
        Extracted source (around line <strong>#121</strong>):
      </div>
      <div class="data">
        <table cellpadding="0" cellspacing="0" class="lines">
          <tr>
            <td>
              <pre class="line_numbers">
<span>119</span>
<span>120</span>
<span>121</span>
<span>122</span>
<span>123</span>
<span>124</span>
              </pre>
            </td>
<td width="100%">
<pre>
<div class="line">
</div><div class="line">      def find(name, prefixes = [], partial = false, keys = [], options = {})
</div><div class="line active">        @view_paths.find(*args_for_lookup(name, prefixes, partial, keys, options))
</div><div class="line">      end
</div><div class="line">      alias :find_template :find
</div><div class="line">
</div>
</pre>
</td>
          </tr>
        </table>
      </div>
    </div>
    <div class="source hidden" id="frame-source-2">
      <div class="info">
        Extracted source (around line <strong>#18</strong>):
      </div>
      <div class="data">
        <table cellpadding="0" cellspacing="0" class="lines">
          <tr>
            <td>
              <pre class="line_numbers">
<span>16</span>
<span>17</span>
<span>18</span>
<span>19</span>
<span>20</span>
<span>21</span>
              </pre>
            </td>
<td width="100%">
<pre>
<div class="line">  # into a separate classes for partials and templates.
</div><div class="line">  class AbstractRenderer #:nodoc:
</div><div class="line active">    delegate :find_template, :template_exists?, :with_fallbacks, :with_layout_format, :formats, :to =&gt; :@lookup_context
</div><div class="line">
</div><div class="line">    def initialize(lookup_context)
</div><div class="line">      @lookup_context = lookup_context
</div>
</pre>
</td>
          </tr>
        </table>
      </div>
    </div>
    <div class="source hidden" id="frame-source-3">
      <div class="info">
        Extracted source (around line <strong>#40</strong>):
      </div>
      <div class="data">
        <table cellpadding="0" cellspacing="0" class="lines">
          <tr>
            <td>
              <pre class="line_numbers">
<span>38</span>
<span>39</span>
<span>40</span>
<span>41</span>
<span>42</span>
<span>43</span>
              </pre>
            </td>
<td width="100%">
<pre>
<div class="line">          options[:template]
</div><div class="line">        else
</div><div class="line active">          find_template(options[:template], options[:prefixes], false, keys, @details)
</div><div class="line">        end
</div><div class="line">      else
</div><div class="line">        raise ArgumentError, &quot;You invoked render but did not give any of :partial, :template, :inline, :file, :plain, :text or :body option.&quot;
</div>
</pre>
</td>
          </tr>
        </table>
      </div>
    </div>
    <div class="source hidden" id="frame-source-4">
      <div class="info">
        Extracted source (around line <strong>#8</strong>):
      </div>
      <div class="data">
        <table cellpadding="0" cellspacing="0" class="lines">
          <tr>
            <td>
              <pre class="line_numbers">
<span>6</span>
<span>7</span>
<span>8</span>
<span>9</span>
<span>10</span>
<span>11</span>
              </pre>
            </td>
<td width="100%">
<pre>
<div class="line">      @view    = context
</div><div class="line">      @details = extract_details(options)
</div><div class="line active">      template = determine_template(options)
</div><div class="line">
</div><div class="line">      prepend_formats(template.formats)
</div><div class="line">
</div>
</pre>
</td>
          </tr>
        </table>
      </div>
    </div>
    <div class="source hidden" id="frame-source-5">
      <div class="info">
        Extracted source (around line <strong>#42</strong>):
      </div>
      <div class="data">
        <table cellpadding="0" cellspacing="0" class="lines">
          <tr>
            <td>
              <pre class="line_numbers">
<span>40</span>
<span>41</span>
<span>42</span>
<span>43</span>
<span>44</span>
<span>45</span>
              </pre>
            </td>
<td width="100%">
<pre>
<div class="line">    # Direct accessor to template rendering.
</div><div class="line">    def render_template(context, options) #:nodoc:
</div><div class="line active">      TemplateRenderer.new(@lookup_context).render(context, options)
</div><div class="line">    end
</div><div class="line">
</div><div class="line">    # Direct access to partial rendering.
</div>
</pre>
</td>
          </tr>
        </table>
      </div>
    </div>
    <div class="source hidden" id="frame-source-6">
      <div class="info">
        Extracted source (around line <strong>#23</strong>):
      </div>
      <div class="data">
        <table cellpadding="0" cellspacing="0" class="lines">
          <tr>
            <td>
              <pre class="line_numbers">
<span>21</span>
<span>22</span>
<span>23</span>
<span>24</span>
<span>25</span>
<span>26</span>
              </pre>
            </td>
<td width="100%">
<pre>
<div class="line">        render_partial(context, options)
</div><div class="line">      else
</div><div class="line active">        render_template(context, options)
</div><div class="line">      end
</div><div class="line">    end
</div><div class="line">
</div>
</pre>
</td>
          </tr>
        </table>
      </div>
    </div>
    <div class="source hidden" id="frame-source-7">
      <div class="info">
        Extracted source (around line <strong>#100</strong>):
      </div>
      <div class="data">
        <table cellpadding="0" cellspacing="0" class="lines">
          <tr>
            <td>
              <pre class="line_numbers">
<span>98</span>
<span>99</span>
<span>100</span>
<span>101</span>
<span>102</span>
<span>103</span>
              </pre>
            </td>
<td width="100%">
<pre>
<div class="line">        lookup_context.variants = variant if variant
</div><div class="line">
</div><div class="line active">        view_renderer.render(view_context, options)
</div><div class="line">      end
</div><div class="line">
</div><div class="line">      # Assign the rendered format to lookup context.
</div>
</pre>
</td>
          </tr>
        </table>
      </div>
    </div>
    <div class="source hidden" id="frame-source-8">
      <div class="info">
        Extracted source (around line <strong>#217</strong>):
      </div>
      <div class="data">
        <table cellpadding="0" cellspacing="0" class="lines">
          <tr>
            <td>
              <pre class="line_numbers">
<span>215</span>
<span>216</span>
<span>217</span>
<span>218</span>
<span>219</span>
<span>220</span>
              </pre>
            </td>
<td width="100%">
<pre>
<div class="line">          Rack::Chunked::Body.new view_renderer.render_body(view_context, options)
</div><div class="line">        else
</div><div class="line active">          super
</div><div class="line">        end
</div><div class="line">      end
</div><div class="line">  end
</div>
</pre>
</td>
          </tr>
        </table>
      </div>
    </div>
    <div class="source hidden" id="frame-source-9">
      <div class="info">
        Extracted source (around line <strong>#83</strong>):
      </div>
      <div class="data">
        <table cellpadding="0" cellspacing="0" class="lines">
          <tr>
            <td>
              <pre class="line_numbers">
<span>81</span>
<span>82</span>
<span>83</span>
<span>84</span>
<span>85</span>
<span>86</span>
              </pre>
            </td>
<td width="100%">
<pre>
<div class="line">    def render_to_body(options = {})
</div><div class="line">      _process_options(options)
</div><div class="line active">      _render_template(options)
</div><div class="line">    end
</div><div class="line">
</div><div class="line">    def rendered_format
</div>
</pre>
</td>
          </tr>
        </table>
      </div>
    </div>
    <div class="source hidden" id="frame-source-10">
      <div class="info">
        Extracted source (around line <strong>#32</strong>):
      </div>
      <div class="data">
        <table cellpadding="0" cellspacing="0" class="lines">
          <tr>
            <td>
              <pre class="line_numbers">
<span>30</span>
<span>31</span>
<span>32</span>
<span>33</span>
<span>34</span>
<span>35</span>
              </pre>
            </td>
<td width="100%">
<pre>
<div class="line">
</div><div class="line">    def render_to_body(options = {})
</div><div class="line active">      super || _render_in_priorities(options) || &#39; &#39;
</div><div class="line">    end
</div><div class="line">
</div><div class="line">    private
</div>
</pre>
</td>
          </tr>
        </table>
      </div>
    </div>
    <div class="source hidden" id="frame-source-11">
      <div class="info">
        Extracted source (around line <strong>#37</strong>):
      </div>
      <div class="data">
        <table cellpadding="0" cellspacing="0" class="lines">
          <tr>
            <td>
              <pre class="line_numbers">
<span>35</span>
<span>36</span>
<span>37</span>
<span>38</span>
<span>39</span>
<span>40</span>
              </pre>
            </td>
<td width="100%">
<pre>
<div class="line">
</div><div class="line">    def render_to_body(options)
</div><div class="line active">      _render_to_body_with_renderer(options) || super
</div><div class="line">    end
</div><div class="line">
</div><div class="line">    def _render_to_body_with_renderer(options)
</div>
</pre>
</td>
          </tr>
        </table>
      </div>
    </div>
    <div class="source hidden" id="frame-source-12">
      <div class="info">
        Extracted source (around line <strong>#25</strong>):
      </div>
      <div class="data">
        <table cellpadding="0" cellspacing="0" class="lines">
          <tr>
            <td>
              <pre class="line_numbers">
<span>23</span>
<span>24</span>
<span>25</span>
<span>26</span>
<span>27</span>
<span>28</span>
              </pre>
            </td>
<td width="100%">
<pre>
<div class="line">    def render(*args, &amp;block)
</div><div class="line">      options = _normalize_render(*args, &amp;block)
</div><div class="line active">      self.response_body = render_to_body(options)
</div><div class="line">      _process_format(rendered_format, options) if rendered_format
</div><div class="line">      self.response_body
</div><div class="line">    end
</div>
</pre>
</td>
          </tr>
        </table>
      </div>
    </div>
    <div class="source hidden" id="frame-source-13">
      <div class="info">
        Extracted source (around line <strong>#16</strong>):
      </div>
      <div class="data">
        <table cellpadding="0" cellspacing="0" class="lines">
          <tr>
            <td>
              <pre class="line_numbers">
<span>14</span>
<span>15</span>
<span>16</span>
<span>17</span>
<span>18</span>
<span>19</span>
              </pre>
            </td>
<td width="100%">
<pre>
<div class="line">    def render(*args) #:nodoc:
</div><div class="line">      raise ::AbstractController::DoubleRenderError if self.response_body
</div><div class="line active">      super
</div><div class="line">    end
</div><div class="line">
</div><div class="line">    # Overwrite render_to_string because body can now be set to a rack body.
</div>
</pre>
</td>
          </tr>
        </table>
      </div>
    </div>
    <div class="source hidden" id="frame-source-14">
      <div class="info">
        Extracted source (around line <strong>#44</strong>):
      </div>
      <div class="data">
        <table cellpadding="0" cellspacing="0" class="lines">
          <tr>
            <td>
              <pre class="line_numbers">
<span>42</span>
<span>43</span>
<span>44</span>
<span>45</span>
<span>46</span>
<span>47</span>
              </pre>
            </td>
<td width="100%">
<pre>
<div class="line">      render_output = nil
</div><div class="line">      self.view_runtime = cleanup_view_runtime do
</div><div class="line active">        Benchmark.ms { render_output = super }
</div><div class="line">      end
</div><div class="line">      render_output
</div><div class="line">    end
</div>
</pre>
</td>
          </tr>
        </table>
      </div>
    </div>
    <div class="source hidden" id="frame-source-15">
      <div class="info">
        Extracted source (around line <strong>#12</strong>):
      </div>
      <div class="data">
        <table cellpadding="0" cellspacing="0" class="lines">
          <tr>
            <td>
              <pre class="line_numbers">
<span>10</span>
<span>11</span>
<span>12</span>
<span>13</span>
<span>14</span>
              </pre>
            </td>
<td width="100%">
<pre>
<div class="line">  #   # =&gt; 0.074
</div><div class="line">  def ms
</div><div class="line active">    1000 * realtime { yield }
</div><div class="line">  end
</div><div class="line">end
</div>
</pre>
</td>
          </tr>
        </table>
      </div>
    </div>
    <div class="source hidden" id="frame-source-16">
      <div class="info">
        Extracted source (around line <strong>#308</strong>):
      </div>
      <div class="data">
        <table cellpadding="0" cellspacing="0" class="lines">
          <tr>
            <td>
              <pre class="line_numbers">
<span>306</span>
<span>307</span>
<span>308</span>
<span>309</span>
<span>310</span>
<span>311</span>
              </pre>
            </td>
<td width="100%">
<pre>
<div class="line">  def realtime # :yield:
</div><div class="line">    r0 = Process.clock_gettime(Process::CLOCK_MONOTONIC)
</div><div class="line active">    yield
</div><div class="line">    Process.clock_gettime(Process::CLOCK_MONOTONIC) - r0
</div><div class="line">  end
</div><div class="line">
</div>
</pre>
</td>
          </tr>
        </table>
      </div>
    </div>
    <div class="source hidden" id="frame-source-17">
      <div class="info">
        Extracted source (around line <strong>#12</strong>):
      </div>
      <div class="data">
        <table cellpadding="0" cellspacing="0" class="lines">
          <tr>
            <td>
              <pre class="line_numbers">
<span>10</span>
<span>11</span>
<span>12</span>
<span>13</span>
<span>14</span>
              </pre>
            </td>
<td width="100%">
<pre>
<div class="line">  #   # =&gt; 0.074
</div><div class="line">  def ms
</div><div class="line active">    1000 * realtime { yield }
</div><div class="line">  end
</div><div class="line">end
</div>
</pre>
</td>
          </tr>
        </table>
      </div>
    </div>
    <div class="source hidden" id="frame-source-18">
      <div class="info">
        Extracted source (around line <strong>#44</strong>):
      </div>
      <div class="data">
        <table cellpadding="0" cellspacing="0" class="lines">
          <tr>
            <td>
              <pre class="line_numbers">
<span>42</span>
<span>43</span>
<span>44</span>
<span>45</span>
<span>46</span>
<span>47</span>
              </pre>
            </td>
<td width="100%">
<pre>
<div class="line">      render_output = nil
</div><div class="line">      self.view_runtime = cleanup_view_runtime do
</div><div class="line active">        Benchmark.ms { render_output = super }
</div><div class="line">      end
</div><div class="line">      render_output
</div><div class="line">    end
</div>
</pre>
</td>
          </tr>
        </table>
      </div>
    </div>
    <div class="source hidden" id="frame-source-19">
      <div class="info">
        Extracted source (around line <strong>#87</strong>):
      </div>
      <div class="data">
        <table cellpadding="0" cellspacing="0" class="lines">
          <tr>
            <td>
              <pre class="line_numbers">
<span>85</span>
<span>86</span>
<span>87</span>
<span>88</span>
<span>89</span>
<span>90</span>
              </pre>
            </td>
<td width="100%">
<pre>
<div class="line">    # :api: plugin
</div><div class="line">    def cleanup_view_runtime #:nodoc:
</div><div class="line active">      yield
</div><div class="line">    end
</div><div class="line">
</div><div class="line">    # Every time after an action is processed, this method is invoked
</div>
</pre>
</td>
          </tr>
        </table>
      </div>
    </div>
    <div class="source hidden" id="frame-source-20">
      <div class="info">
        Extracted source (around line <strong>#25</strong>):
      </div>
      <div class="data">
        <table cellpadding="0" cellspacing="0" class="lines">
          <tr>
            <td>
              <pre class="line_numbers">
<span>23</span>
<span>24</span>
<span>25</span>
<span>26</span>
<span>27</span>
<span>28</span>
              </pre>
            </td>
<td width="100%">
<pre>
<div class="line">          db_rt_before_render = ActiveRecord::LogSubscriber.reset_runtime
</div><div class="line">          self.db_runtime = (db_runtime || 0) + db_rt_before_render
</div><div class="line active">          runtime = super
</div><div class="line">          db_rt_after_render = ActiveRecord::LogSubscriber.reset_runtime
</div><div class="line">          self.db_runtime += db_rt_after_render
</div><div class="line">          runtime - db_rt_after_render
</div>
</pre>
</td>
          </tr>
        </table>
      </div>
    </div>
    <div class="source hidden" id="frame-source-21">
      <div class="info">
        Extracted source (around line <strong>#43</strong>):
      </div>
      <div class="data">
        <table cellpadding="0" cellspacing="0" class="lines">
          <tr>
            <td>
              <pre class="line_numbers">
<span>41</span>
<span>42</span>
<span>43</span>
<span>44</span>
<span>45</span>
<span>46</span>
              </pre>
            </td>
<td width="100%">
<pre>
<div class="line">    def render(*args)
</div><div class="line">      render_output = nil
</div><div class="line active">      self.view_runtime = cleanup_view_runtime do
</div><div class="line">        Benchmark.ms { render_output = super }
</div><div class="line">      end
</div><div class="line">      render_output
</div>
</pre>
</td>
          </tr>
        </table>
      </div>
    </div>
    <div class="source hidden" id="frame-source-22">
      <div class="info">
        Extracted source (around line <strong>#10</strong>):
      </div>
      <div class="data">
        <table cellpadding="0" cellspacing="0" class="lines">
          <tr>
            <td>
              <pre class="line_numbers">
<span>8</span>
<span>9</span>
<span>10</span>
<span>11</span>
<span>12</span>
<span>13</span>
              </pre>
            </td>
<td width="100%">
<pre>
<div class="line">
</div><div class="line">    def default_render(*args)
</div><div class="line active">      render(*args)
</div><div class="line">    end
</div><div class="line">
</div><div class="line">    def method_for_action(action_name)
</div>
</pre>
</td>
          </tr>
        </table>
      </div>
    </div>
    <div class="source hidden" id="frame-source-23">
      <div class="info">
        Extracted source (around line <strong>#5</strong>):
      </div>
      <div class="data">
        <table cellpadding="0" cellspacing="0" class="lines">
          <tr>
            <td>
              <pre class="line_numbers">
<span>3</span>
<span>4</span>
<span>5</span>
<span>6</span>
<span>7</span>
<span>8</span>
              </pre>
            </td>
<td width="100%">
<pre>
<div class="line">    def send_action(method, *args)
</div><div class="line">      ret = super
</div><div class="line active">      default_render unless performed?
</div><div class="line">      ret
</div><div class="line">    end
</div><div class="line">
</div>
</pre>
</td>
          </tr>
        </table>
      </div>
    </div>
    <div class="source hidden" id="frame-source-24">
      <div class="info">
        Extracted source (around line <strong>#198</strong>):
      </div>
      <div class="data">
        <table cellpadding="0" cellspacing="0" class="lines">
          <tr>
            <td>
              <pre class="line_numbers">
<span>196</span>
<span>197</span>
<span>198</span>
<span>199</span>
<span>200</span>
<span>201</span>
              </pre>
            </td>
<td width="100%">
<pre>
<div class="line">      # which is *not* necessarily the same as the action name.
</div><div class="line">      def process_action(method_name, *args)
</div><div class="line active">        send_action(method_name, *args)
</div><div class="line">      end
</div><div class="line">
</div><div class="line">      # Actually call the method associated with the action. Override
</div>
</pre>
</td>
          </tr>
        </table>
      </div>
    </div>
    <div class="source hidden" id="frame-source-25">
      <div class="info">
        Extracted source (around line <strong>#10</strong>):
      </div>
      <div class="data">
        <table cellpadding="0" cellspacing="0" class="lines">
          <tr>
            <td>
              <pre class="line_numbers">
<span>8</span>
<span>9</span>
<span>10</span>
<span>11</span>
<span>12</span>
<span>13</span>
              </pre>
            </td>
<td width="100%">
<pre>
<div class="line">    def process_action(*) #:nodoc:
</div><div class="line">      self.formats = request.formats.map(&amp;:ref).compact
</div><div class="line active">      super
</div><div class="line">    end
</div><div class="line">
</div><div class="line">    # Check for double render errors and set the content_type after rendering.
</div>
</pre>
</td>
          </tr>
        </table>
      </div>
    </div>
    <div class="source hidden" id="frame-source-26">
      <div class="info">
        Extracted source (around line <strong>#20</strong>):
      </div>
      <div class="data">
        <table cellpadding="0" cellspacing="0" class="lines">
          <tr>
            <td>
              <pre class="line_numbers">
<span>18</span>
<span>19</span>
<span>20</span>
<span>21</span>
<span>22</span>
<span>23</span>
              </pre>
            </td>
<td width="100%">
<pre>
<div class="line">    def process_action(*args)
</div><div class="line">      run_callbacks(:process_action) do
</div><div class="line active">        super
</div><div class="line">      end
</div><div class="line">    end
</div><div class="line">
</div>
</pre>
</td>
          </tr>
        </table>
      </div>
    </div>
    <div class="source hidden" id="frame-source-27">
      <div class="info">
        Extracted source (around line <strong>#115</strong>):
      </div>
      <div class="data">
        <table cellpadding="0" cellspacing="0" class="lines">
          <tr>
            <td>
              <pre class="line_numbers">
<span>113</span>
<span>114</span>
<span>115</span>
<span>116</span>
<span>117</span>
<span>118</span>
              </pre>
            </td>
<td width="100%">
<pre>
<div class="line">        def call(env)
</div><div class="line">          block = env.run_block
</div><div class="line active">          env.value = !env.halted &amp;&amp; (!block || block.call)
</div><div class="line">          env
</div><div class="line">        end
</div><div class="line">      end
</div>
</pre>
</td>
          </tr>
        </table>
      </div>
    </div>
    <div class="source hidden" id="frame-source-28">
      <div class="info">
        Extracted source (around line <strong>#553</strong>):
      </div>
      <div class="data">
        <table cellpadding="0" cellspacing="0" class="lines">
          <tr>
            <td>
              <pre class="line_numbers">
<span>551</span>
<span>552</span>
<span>553</span>
<span>554</span>
<span>555</span>
<span>556</span>
              </pre>
            </td>
<td width="100%">
<pre>
<div class="line">      def compile
</div><div class="line">        @callbacks || @mutex.synchronize do
</div><div class="line active">          final_sequence = CallbackSequence.new { |env| Filters::ENDING.call(env) }
</div><div class="line">          @callbacks ||= @chain.reverse.inject(final_sequence) do |callback_sequence, callback|
</div><div class="line">            callback.apply callback_sequence
</div><div class="line">          end
</div>
</pre>
</td>
          </tr>
        </table>
      </div>
    </div>
    <div class="source hidden" id="frame-source-29">
      <div class="info">
        Extracted source (around line <strong>#503</strong>):
      </div>
      <div class="data">
        <table cellpadding="0" cellspacing="0" class="lines">
          <tr>
            <td>
              <pre class="line_numbers">
<span>501</span>
<span>502</span>
<span>503</span>
<span>504</span>
<span>505</span>
<span>506</span>
              </pre>
            </td>
<td width="100%">
<pre>
<div class="line">      def call(*args)
</div><div class="line">        @before.each { |b| b.call(*args) }
</div><div class="line active">        value = @call.call(*args)
</div><div class="line">        @after.each { |a| a.call(*args) }
</div><div class="line">        value
</div><div class="line">      end
</div>
</pre>
</td>
          </tr>
        </table>
      </div>
    </div>
    <div class="source hidden" id="frame-source-30">
      <div class="info">
        Extracted source (around line <strong>#88</strong>):
      </div>
      <div class="data">
        <table cellpadding="0" cellspacing="0" class="lines">
          <tr>
            <td>
              <pre class="line_numbers">
<span>86</span>
<span>87</span>
<span>88</span>
<span>89</span>
<span>90</span>
<span>91</span>
              </pre>
            </td>
<td width="100%">
<pre>
<div class="line">        runner = callbacks.compile
</div><div class="line">        e = Filters::Environment.new(self, false, nil, block)
</div><div class="line active">        runner.call(e).value
</div><div class="line">      end
</div><div class="line">    end
</div><div class="line">
</div>
</pre>
</td>
          </tr>
        </table>
      </div>
    </div>
    <div class="source hidden" id="frame-source-31">
      <div class="info">
        Extracted source (around line <strong>#19</strong>):
      </div>
      <div class="data">
        <table cellpadding="0" cellspacing="0" class="lines">
          <tr>
            <td>
              <pre class="line_numbers">
<span>17</span>
<span>18</span>
<span>19</span>
<span>20</span>
<span>21</span>
<span>22</span>
              </pre>
            </td>
<td width="100%">
<pre>
<div class="line">    # process_action callbacks around the normal behavior.
</div><div class="line">    def process_action(*args)
</div><div class="line active">      run_callbacks(:process_action) do
</div><div class="line">        super
</div><div class="line">      end
</div><div class="line">    end
</div>
</pre>
</td>
          </tr>
        </table>
      </div>
    </div>
    <div class="source hidden" id="frame-source-32">
      <div class="info">
        Extracted source (around line <strong>#29</strong>):
      </div>
      <div class="data">
        <table cellpadding="0" cellspacing="0" class="lines">
          <tr>
            <td>
              <pre class="line_numbers">
<span>27</span>
<span>28</span>
<span>29</span>
<span>30</span>
<span>31</span>
<span>32</span>
              </pre>
            </td>
<td width="100%">
<pre>
<div class="line">    private
</div><div class="line">      def process_action(*args)
</div><div class="line active">        super
</div><div class="line">      rescue Exception =&gt; exception
</div><div class="line">        request.env[&#39;action_dispatch.show_detailed_exceptions&#39;] ||= show_detailed_exceptions?
</div><div class="line">        rescue_with_handler(exception) || raise(exception)
</div>
</pre>
</td>
          </tr>
        </table>
      </div>
    </div>
    <div class="source hidden" id="frame-source-33">
      <div class="info">
        Extracted source (around line <strong>#32</strong>):
      </div>
      <div class="data">
        <table cellpadding="0" cellspacing="0" class="lines">
          <tr>
            <td>
              <pre class="line_numbers">
<span>30</span>
<span>31</span>
<span>32</span>
<span>33</span>
<span>34</span>
<span>35</span>
              </pre>
            </td>
<td width="100%">
<pre>
<div class="line">      ActiveSupport::Notifications.instrument(&quot;process_action.action_controller&quot;, raw_payload) do |payload|
</div><div class="line">        begin
</div><div class="line active">          result = super
</div><div class="line">          payload[:status] = response.status
</div><div class="line">          result
</div><div class="line">        ensure
</div>
</pre>
</td>
          </tr>
        </table>
      </div>
    </div>
    <div class="source hidden" id="frame-source-34">
      <div class="info">
        Extracted source (around line <strong>#164</strong>):
      </div>
      <div class="data">
        <table cellpadding="0" cellspacing="0" class="lines">
          <tr>
            <td>
              <pre class="line_numbers">
<span>162</span>
<span>163</span>
<span>164</span>
<span>165</span>
<span>166</span>
<span>167</span>
              </pre>
            </td>
<td width="100%">
<pre>
<div class="line">      def instrument(name, payload = {})
</div><div class="line">        if notifier.listening?(name)
</div><div class="line active">          instrumenter.instrument(name, payload) { yield payload if block_given? }
</div><div class="line">        else
</div><div class="line">          yield payload if block_given?
</div><div class="line">        end
</div>
</pre>
</td>
          </tr>
        </table>
      </div>
    </div>
    <div class="source hidden" id="frame-source-35">
      <div class="info">
        Extracted source (around line <strong>#20</strong>):
      </div>
      <div class="data">
        <table cellpadding="0" cellspacing="0" class="lines">
          <tr>
            <td>
              <pre class="line_numbers">
<span>18</span>
<span>19</span>
<span>20</span>
<span>21</span>
<span>22</span>
<span>23</span>
              </pre>
            </td>
<td width="100%">
<pre>
<div class="line">        start name, payload
</div><div class="line">        begin
</div><div class="line active">          yield payload
</div><div class="line">        rescue Exception =&gt; e
</div><div class="line">          payload[:exception] = [e.class.name, e.message]
</div><div class="line">          raise e
</div>
</pre>
</td>
          </tr>
        </table>
      </div>
    </div>
    <div class="source hidden" id="frame-source-36">
      <div class="info">
        Extracted source (around line <strong>#164</strong>):
      </div>
      <div class="data">
        <table cellpadding="0" cellspacing="0" class="lines">
          <tr>
            <td>
              <pre class="line_numbers">
<span>162</span>
<span>163</span>
<span>164</span>
<span>165</span>
<span>166</span>
<span>167</span>
              </pre>
            </td>
<td width="100%">
<pre>
<div class="line">      def instrument(name, payload = {})
</div><div class="line">        if notifier.listening?(name)
</div><div class="line active">          instrumenter.instrument(name, payload) { yield payload if block_given? }
</div><div class="line">        else
</div><div class="line">          yield payload if block_given?
</div><div class="line">        end
</div>
</pre>
</td>
          </tr>
        </table>
      </div>
    </div>
    <div class="source hidden" id="frame-source-37">
      <div class="info">
        Extracted source (around line <strong>#30</strong>):
      </div>
      <div class="data">
        <table cellpadding="0" cellspacing="0" class="lines">
          <tr>
            <td>
              <pre class="line_numbers">
<span>28</span>
<span>29</span>
<span>30</span>
<span>31</span>
<span>32</span>
<span>33</span>
              </pre>
            </td>
<td width="100%">
<pre>
<div class="line">      ActiveSupport::Notifications.instrument(&quot;start_processing.action_controller&quot;, raw_payload.dup)
</div><div class="line">
</div><div class="line active">      ActiveSupport::Notifications.instrument(&quot;process_action.action_controller&quot;, raw_payload) do |payload|
</div><div class="line">        begin
</div><div class="line">          result = super
</div><div class="line">          payload[:status] = response.status
</div>
</pre>
</td>
          </tr>
        </table>
      </div>
    </div>
    <div class="source hidden" id="frame-source-38">
      <div class="info">
        Extracted source (around line <strong>#250</strong>):
      </div>
      <div class="data">
        <table cellpadding="0" cellspacing="0" class="lines">
          <tr>
            <td>
              <pre class="line_numbers">
<span>248</span>
<span>249</span>
<span>250</span>
<span>251</span>
<span>252</span>
<span>253</span>
              </pre>
            </td>
<td width="100%">
<pre>
<div class="line">        request.filtered_parameters.merge! wrapped_filtered_hash
</div><div class="line">      end
</div><div class="line active">      super
</div><div class="line">    end
</div><div class="line">
</div><div class="line">    private
</div>
</pre>
</td>
          </tr>
        </table>
      </div>
    </div>
    <div class="source hidden" id="frame-source-39">
      <div class="info">
        Extracted source (around line <strong>#18</strong>):
      </div>
      <div class="data">
        <table cellpadding="0" cellspacing="0" class="lines">
          <tr>
            <td>
              <pre class="line_numbers">
<span>16</span>
<span>17</span>
<span>18</span>
<span>19</span>
<span>20</span>
<span>21</span>
              </pre>
            </td>
<td width="100%">
<pre>
<div class="line">        # and it won&#39;t be cleaned up by the method below.
</div><div class="line">        ActiveRecord::LogSubscriber.reset_runtime
</div><div class="line active">        super
</div><div class="line">      end
</div><div class="line">
</div><div class="line">      def cleanup_view_runtime
</div>
</pre>
</td>
          </tr>
        </table>
      </div>
    </div>
    <div class="source hidden" id="frame-source-40">
      <div class="info">
        Extracted source (around line <strong>#137</strong>):
      </div>
      <div class="data">
        <table cellpadding="0" cellspacing="0" class="lines">
          <tr>
            <td>
              <pre class="line_numbers">
<span>135</span>
<span>136</span>
<span>137</span>
<span>138</span>
<span>139</span>
<span>140</span>
              </pre>
            </td>
<td width="100%">
<pre>
<div class="line">      @_response_body = nil
</div><div class="line">
</div><div class="line active">      process_action(action_name, *args)
</div><div class="line">    end
</div><div class="line">
</div><div class="line">    # Delegates to the class&#39; #controller_path
</div>
</pre>
</td>
          </tr>
        </table>
      </div>
    </div>
    <div class="source hidden" id="frame-source-41">
      <div class="info">
        Extracted source (around line <strong>#30</strong>):
      </div>
      <div class="data">
        <table cellpadding="0" cellspacing="0" class="lines">
          <tr>
            <td>
              <pre class="line_numbers">
<span>28</span>
<span>29</span>
<span>30</span>
<span>31</span>
<span>32</span>
<span>33</span>
              </pre>
            </td>
<td width="100%">
<pre>
<div class="line">    def process(*) #:nodoc:
</div><div class="line">      old_config, I18n.config = I18n.config, I18nProxy.new(I18n.config, lookup_context)
</div><div class="line active">      super
</div><div class="line">    ensure
</div><div class="line">      I18n.config = old_config
</div><div class="line">    end
</div>
</pre>
</td>
          </tr>
        </table>
      </div>
    </div>
    <div class="source hidden" id="frame-source-42">
      <div class="info">
        Extracted source (around line <strong>#196</strong>):
      </div>
      <div class="data">
        <table cellpadding="0" cellspacing="0" class="lines">
          <tr>
            <td>
              <pre class="line_numbers">
<span>194</span>
<span>195</span>
<span>196</span>
<span>197</span>
<span>198</span>
<span>199</span>
              </pre>
            </td>
<td width="100%">
<pre>
<div class="line">      @_env = request.env
</div><div class="line">      @_env[&#39;action_controller.instance&#39;] = self
</div><div class="line active">      process(name)
</div><div class="line">      to_a
</div><div class="line">    end
</div><div class="line">
</div>
</pre>
</td>
          </tr>
        </table>
      </div>
    </div>
    <div class="source hidden" id="frame-source-43">
      <div class="info">
        Extracted source (around line <strong>#13</strong>):
      </div>
      <div class="data">
        <table cellpadding="0" cellspacing="0" class="lines">
          <tr>
            <td>
              <pre class="line_numbers">
<span>11</span>
<span>12</span>
<span>13</span>
<span>14</span>
<span>15</span>
<span>16</span>
              </pre>
            </td>
<td width="100%">
<pre>
<div class="line">    def dispatch(action, request)
</div><div class="line">      set_response!(request)
</div><div class="line active">      super(action, request)
</div><div class="line">    end
</div><div class="line">
</div><div class="line">    def response_body=(body)
</div>
</pre>
</td>
          </tr>
        </table>
      </div>
    </div>
    <div class="source hidden" id="frame-source-44">
      <div class="info">
        Extracted source (around line <strong>#237</strong>):
      </div>
      <div class="data">
        <table cellpadding="0" cellspacing="0" class="lines">
          <tr>
            <td>
              <pre class="line_numbers">
<span>235</span>
<span>236</span>
<span>237</span>
<span>238</span>
<span>239</span>
<span>240</span>
              </pre>
            </td>
<td width="100%">
<pre>
<div class="line">        end
</div><div class="line">      else
</div><div class="line active">        lambda { |env| new.dispatch(name, klass.new(env)) }
</div><div class="line">      end
</div><div class="line">    end
</div><div class="line">  end
</div>
</pre>
</td>
          </tr>
        </table>
      </div>
    </div>
    <div class="source hidden" id="frame-source-45">
      <div class="info">
        Extracted source (around line <strong>#76</strong>):
      </div>
      <div class="data">
        <table cellpadding="0" cellspacing="0" class="lines">
          <tr>
            <td>
              <pre class="line_numbers">
<span>74</span>
<span>75</span>
<span>76</span>
<span>77</span>
<span>78</span>
<span>79</span>
              </pre>
            </td>
<td width="100%">
<pre>
<div class="line">
</div><div class="line">        def dispatch(controller, action, env)
</div><div class="line active">          controller.action(action).call(env)
</div><div class="line">        end
</div><div class="line">
</div><div class="line">        def normalize_controller!(params)
</div>
</pre>
</td>
          </tr>
        </table>
      </div>
    </div>
    <div class="source hidden" id="frame-source-46">
      <div class="info">
        Extracted source (around line <strong>#45</strong>):
      </div>
      <div class="data">
        <table cellpadding="0" cellspacing="0" class="lines">
          <tr>
            <td>
              <pre class="line_numbers">
<span>43</span>
<span>44</span>
<span>45</span>
<span>46</span>
<span>47</span>
<span>48</span>
              </pre>
            </td>
<td width="100%">
<pre>
<div class="line">          end
</div><div class="line">
</div><div class="line active">          dispatch(controller, params[:action], req.env)
</div><div class="line">        end
</div><div class="line">
</div><div class="line">        def prepare_params!(params)
</div>
</pre>
</td>
          </tr>
        </table>
      </div>
    </div>
    <div class="source hidden" id="frame-source-47">
      <div class="info">
        Extracted source (around line <strong>#43</strong>):
      </div>
      <div class="data">
        <table cellpadding="0" cellspacing="0" class="lines">
          <tr>
            <td>
              <pre class="line_numbers">
<span>41</span>
<span>42</span>
<span>43</span>
<span>44</span>
<span>45</span>
<span>46</span>
              </pre>
            </td>
<td width="100%">
<pre>
<div class="line">          req.path_parameters = set_params.merge parameters
</div><div class="line">
</div><div class="line active">          status, headers, body = route.app.serve(req)
</div><div class="line">
</div><div class="line">          if &#39;pass&#39; == headers[&#39;X-Cascade&#39;]
</div><div class="line">            req.script_name     = script_name
</div>
</pre>
</td>
          </tr>
        </table>
      </div>
    </div>
    <div class="source hidden" id="frame-source-48">
      <div class="info">
        Extracted source (around line <strong>#30</strong>):
      </div>
      <div class="data">
        <table cellpadding="0" cellspacing="0" class="lines">
          <tr>
            <td>
              <pre class="line_numbers">
<span>28</span>
<span>29</span>
<span>30</span>
<span>31</span>
<span>32</span>
<span>33</span>
              </pre>
            </td>
<td width="100%">
<pre>
<div class="line">
</div><div class="line">      def serve(req)
</div><div class="line active">        find_routes(req).each do |match, parameters, route|
</div><div class="line">          set_params  = req.path_parameters
</div><div class="line">          path_info   = req.path_info
</div><div class="line">          script_name = req.script_name
</div>
</pre>
</td>
          </tr>
        </table>
      </div>
    </div>
    <div class="source hidden" id="frame-source-49">
      <div class="info">
        Extracted source (around line <strong>#30</strong>):
      </div>
      <div class="data">
        <table cellpadding="0" cellspacing="0" class="lines">
          <tr>
            <td>
              <pre class="line_numbers">
<span>28</span>
<span>29</span>
<span>30</span>
<span>31</span>
<span>32</span>
<span>33</span>
              </pre>
            </td>
<td width="100%">
<pre>
<div class="line">
</div><div class="line">      def serve(req)
</div><div class="line active">        find_routes(req).each do |match, parameters, route|
</div><div class="line">          set_params  = req.path_parameters
</div><div class="line">          path_info   = req.path_info
</div><div class="line">          script_name = req.script_name
</div>
</pre>
</td>
          </tr>
        </table>
      </div>
    </div>
    <div class="source hidden" id="frame-source-50">
      <div class="info">
        Extracted source (around line <strong>#821</strong>):
      </div>
      <div class="data">
        <table cellpadding="0" cellspacing="0" class="lines">
          <tr>
            <td>
              <pre class="line_numbers">
<span>819</span>
<span>820</span>
<span>821</span>
<span>822</span>
<span>823</span>
<span>824</span>
              </pre>
            </td>
<td width="100%">
<pre>
<div class="line">        req = request_class.new(env)
</div><div class="line">        req.path_info = Journey::Router::Utils.normalize_path(req.path_info)
</div><div class="line active">        @router.serve(req)
</div><div class="line">      end
</div><div class="line">
</div><div class="line">      def recognize_path(path, environment = {})
</div>
</pre>
</td>
          </tr>
        </table>
      </div>
    </div>
    <div class="source hidden" id="frame-source-51">
      <div class="info">
        Extracted source (around line <strong>#24</strong>):
      </div>
      <div class="data">
        <table cellpadding="0" cellspacing="0" class="lines">
          <tr>
            <td>
              <pre class="line_numbers">
<span>22</span>
<span>23</span>
<span>24</span>
<span>25</span>
<span>26</span>
<span>27</span>
              </pre>
            </td>
<td width="100%">
<pre>
<div class="line">
</div><div class="line">    def call(env)
</div><div class="line active">      status, headers, body = @app.call(env)
</div><div class="line">
</div><div class="line">      if etag_status?(status) &amp;&amp; etag_body?(body) &amp;&amp; !skip_caching?(headers)
</div><div class="line">        original_body = body
</div>
</pre>
</td>
          </tr>
        </table>
      </div>
    </div>
    <div class="source hidden" id="frame-source-52">
      <div class="info">
        Extracted source (around line <strong>#38</strong>):
      </div>
      <div class="data">
        <table cellpadding="0" cellspacing="0" class="lines">
          <tr>
            <td>
              <pre class="line_numbers">
<span>36</span>
<span>37</span>
<span>38</span>
<span>39</span>
<span>40</span>
<span>41</span>
              </pre>
            </td>
<td width="100%">
<pre>
<div class="line">        [status, headers, body]
</div><div class="line">      else
</div><div class="line active">        @app.call(env)
</div><div class="line">      end
</div><div class="line">    end
</div><div class="line">
</div>
</pre>
</td>
          </tr>
        </table>
      </div>
    </div>
    <div class="source hidden" id="frame-source-53">
      <div class="info">
        Extracted source (around line <strong>#13</strong>):
      </div>
      <div class="data">
        <table cellpadding="0" cellspacing="0" class="lines">
          <tr>
            <td>
              <pre class="line_numbers">
<span>11</span>
<span>12</span>
<span>13</span>
<span>14</span>
<span>15</span>
<span>16</span>
              </pre>
            </td>
<td width="100%">
<pre>
<div class="line">
</div><div class="line">  def call(env)
</div><div class="line active">    status, headers, body = @app.call(env)
</div><div class="line">
</div><div class="line">    if env[REQUEST_METHOD] == HEAD
</div><div class="line">      [
</div>
</pre>
</td>
          </tr>
        </table>
      </div>
    </div>
    <div class="source hidden" id="frame-source-54">
      <div class="info">
        Extracted source (around line <strong>#27</strong>):
      </div>
      <div class="data">
        <table cellpadding="0" cellspacing="0" class="lines">
          <tr>
            <td>
              <pre class="line_numbers">
<span>25</span>
<span>26</span>
<span>27</span>
<span>28</span>
<span>29</span>
<span>30</span>
              </pre>
            </td>
<td width="100%">
<pre>
<div class="line">      end
</div><div class="line">
</div><div class="line active">      @app.call(env)
</div><div class="line">    end
</div><div class="line">
</div><div class="line">    private
</div>
</pre>
</td>
          </tr>
        </table>
      </div>
    </div>
    <div class="source hidden" id="frame-source-55">
      <div class="info">
        Extracted source (around line <strong>#260</strong>):
      </div>
      <div class="data">
        <table cellpadding="0" cellspacing="0" class="lines">
          <tr>
            <td>
              <pre class="line_numbers">
<span>258</span>
<span>259</span>
<span>260</span>
<span>261</span>
<span>262</span>
<span>263</span>
              </pre>
            </td>
<td width="100%">
<pre>
<div class="line">
</div><div class="line">    def call(env)
</div><div class="line active">      @app.call(env)
</div><div class="line">    ensure
</div><div class="line">      session    = Request::Session.find(env) || {}
</div><div class="line">      flash_hash = env[KEY]
</div>
</pre>
</td>
          </tr>
        </table>
      </div>
    </div>
    <div class="source hidden" id="frame-source-56">
      <div class="info">
        Extracted source (around line <strong>#225</strong>):
      </div>
      <div class="data">
        <table cellpadding="0" cellspacing="0" class="lines">
          <tr>
            <td>
              <pre class="line_numbers">
<span>223</span>
<span>224</span>
<span>225</span>
<span>226</span>
<span>227</span>
<span>228</span>
              </pre>
            </td>
<td width="100%">
<pre>
<div class="line">        def context(env, app=@app)
</div><div class="line">          prepare_session(env)
</div><div class="line active">          status, headers, body = app.call(env)
</div><div class="line">          commit_session(env, status, headers, body)
</div><div class="line">        end
</div><div class="line">
</div>
</pre>
</td>
          </tr>
        </table>
      </div>
    </div>
    <div class="source hidden" id="frame-source-57">
      <div class="info">
        Extracted source (around line <strong>#220</strong>):
      </div>
      <div class="data">
        <table cellpadding="0" cellspacing="0" class="lines">
          <tr>
            <td>
              <pre class="line_numbers">
<span>218</span>
<span>219</span>
<span>220</span>
<span>221</span>
<span>222</span>
<span>223</span>
              </pre>
            </td>
<td width="100%">
<pre>
<div class="line">
</div><div class="line">        def call(env)
</div><div class="line active">          context(env)
</div><div class="line">        end
</div><div class="line">
</div><div class="line">        def context(env, app=@app)
</div>
</pre>
</td>
          </tr>
        </table>
      </div>
    </div>
    <div class="source hidden" id="frame-source-58">
      <div class="info">
        Extracted source (around line <strong>#560</strong>):
      </div>
      <div class="data">
        <table cellpadding="0" cellspacing="0" class="lines">
          <tr>
            <td>
              <pre class="line_numbers">
<span>558</span>
<span>559</span>
<span>560</span>
<span>561</span>
<span>562</span>
<span>563</span>
              </pre>
            </td>
<td width="100%">
<pre>
<div class="line">
</div><div class="line">    def call(env)
</div><div class="line active">      status, headers, body = @app.call(env)
</div><div class="line">
</div><div class="line">      if cookie_jar = env[&#39;action_dispatch.cookies&#39;]
</div><div class="line">        unless cookie_jar.committed?
</div>
</pre>
</td>
          </tr>
        </table>
      </div>
    </div>
    <div class="source hidden" id="frame-source-59">
      <div class="info">
        Extracted source (around line <strong>#36</strong>):
      </div>
      <div class="data">
        <table cellpadding="0" cellspacing="0" class="lines">
          <tr>
            <td>
              <pre class="line_numbers">
<span>34</span>
<span>35</span>
<span>36</span>
<span>37</span>
<span>38</span>
<span>39</span>
              </pre>
            </td>
<td width="100%">
<pre>
<div class="line">      connection.enable_query_cache!
</div><div class="line">
</div><div class="line active">      response = @app.call(env)
</div><div class="line">      response[2] = Rack::BodyProxy.new(response[2]) do
</div><div class="line">        restore_query_cache_settings(connection_id, enabled)
</div><div class="line">      end
</div>
</pre>
</td>
          </tr>
        </table>
      </div>
    </div>
    <div class="source hidden" id="frame-source-60">
      <div class="info">
        Extracted source (around line <strong>#653</strong>):
      </div>
      <div class="data">
        <table cellpadding="0" cellspacing="0" class="lines">
          <tr>
            <td>
              <pre class="line_numbers">
<span>651</span>
<span>652</span>
<span>653</span>
<span>654</span>
<span>655</span>
<span>656</span>
              </pre>
            </td>
<td width="100%">
<pre>
<div class="line">        testing = env[&#39;rack.test&#39;]
</div><div class="line">
</div><div class="line active">        response = @app.call(env)
</div><div class="line">        response[2] = ::Rack::BodyProxy.new(response[2]) do
</div><div class="line">          ActiveRecord::Base.clear_active_connections! unless testing
</div><div class="line">        end
</div>
</pre>
</td>
          </tr>
        </table>
      </div>
    </div>
    <div class="source hidden" id="frame-source-61">
      <div class="info">
        Extracted source (around line <strong>#377</strong>):
      </div>
      <div class="data">
        <table cellpadding="0" cellspacing="0" class="lines">
          <tr>
            <td>
              <pre class="line_numbers">
<span>375</span>
<span>376</span>
<span>377</span>
<span>378</span>
<span>379</span>
<span>380</span>
              </pre>
            </td>
<td width="100%">
<pre>
<div class="line">          end
</div><div class="line">        end
</div><div class="line active">        @app.call(env)
</div><div class="line">      end
</div><div class="line">
</div><div class="line">      private
</div>
</pre>
</td>
          </tr>
        </table>
      </div>
    </div>
    <div class="source hidden" id="frame-source-62">
      <div class="info">
        Extracted source (around line <strong>#29</strong>):
      </div>
      <div class="data">
        <table cellpadding="0" cellspacing="0" class="lines">
          <tr>
            <td>
              <pre class="line_numbers">
<span>27</span>
<span>28</span>
<span>29</span>
<span>30</span>
<span>31</span>
<span>32</span>
              </pre>
            </td>
<td width="100%">
<pre>
<div class="line">      result = run_callbacks :call do
</div><div class="line">        begin
</div><div class="line active">          @app.call(env)
</div><div class="line">        rescue =&gt; error
</div><div class="line">        end
</div><div class="line">      end
</div>
</pre>
</td>
          </tr>
        </table>
      </div>
    </div>
    <div class="source hidden" id="frame-source-63">
      <div class="info">
        Extracted source (around line <strong>#84</strong>):
      </div>
      <div class="data">
        <table cellpadding="0" cellspacing="0" class="lines">
          <tr>
            <td>
              <pre class="line_numbers">
<span>82</span>
<span>83</span>
<span>84</span>
<span>85</span>
<span>86</span>
<span>87</span>
              </pre>
            </td>
<td width="100%">
<pre>
<div class="line">
</div><div class="line">      if callbacks.empty?
</div><div class="line active">        yield if block_given?
</div><div class="line">      else
</div><div class="line">        runner = callbacks.compile
</div><div class="line">        e = Filters::Environment.new(self, false, nil, block)
</div>
</pre>
</td>
          </tr>
        </table>
      </div>
    </div>
    <div class="source hidden" id="frame-source-64">
      <div class="info">
        Extracted source (around line <strong>#27</strong>):
      </div>
      <div class="data">
        <table cellpadding="0" cellspacing="0" class="lines">
          <tr>
            <td>
              <pre class="line_numbers">
<span>25</span>
<span>26</span>
<span>27</span>
<span>28</span>
<span>29</span>
<span>30</span>
              </pre>
            </td>
<td width="100%">
<pre>
<div class="line">    def call(env)
</div><div class="line">      error = nil
</div><div class="line active">      result = run_callbacks :call do
</div><div class="line">        begin
</div><div class="line">          @app.call(env)
</div><div class="line">        rescue =&gt; error
</div>
</pre>
</td>
          </tr>
        </table>
      </div>
    </div>
    <div class="source hidden" id="frame-source-65">
      <div class="info">
        Extracted source (around line <strong>#73</strong>):
      </div>
      <div class="data">
        <table cellpadding="0" cellspacing="0" class="lines">
          <tr>
            <td>
              <pre class="line_numbers">
<span>71</span>
<span>72</span>
<span>73</span>
<span>74</span>
<span>75</span>
<span>76</span>
              </pre>
            </td>
<td width="100%">
<pre>
<div class="line">      prepare!
</div><div class="line">
</div><div class="line active">      response = @app.call(env)
</div><div class="line">      response[2] = ::Rack::BodyProxy.new(response[2]) { cleanup! }
</div><div class="line">
</div><div class="line">      response
</div>
</pre>
</td>
          </tr>
        </table>
      </div>
    </div>
    <div class="source hidden" id="frame-source-66">
      <div class="info">
        Extracted source (around line <strong>#78</strong>):
      </div>
      <div class="data">
        <table cellpadding="0" cellspacing="0" class="lines">
          <tr>
            <td>
              <pre class="line_numbers">
<span>76</span>
<span>77</span>
<span>78</span>
<span>79</span>
<span>80</span>
<span>81</span>
              </pre>
            </td>
<td width="100%">
<pre>
<div class="line">    def call(env)
</div><div class="line">      env[&quot;action_dispatch.remote_ip&quot;] = GetIp.new(env, self)
</div><div class="line active">      @app.call(env)
</div><div class="line">    end
</div><div class="line">
</div><div class="line">    # The GetIp class exists as a way to defer processing of the request data
</div>
</pre>
</td>
          </tr>
        </table>
      </div>
    </div>
    <div class="source hidden" id="frame-source-67">
      <div class="info">
        Extracted source (around line <strong>#17</strong>):
      </div>
      <div class="data">
        <table cellpadding="0" cellspacing="0" class="lines">
          <tr>
            <td>
              <pre class="line_numbers">
<span>15</span>
<span>16</span>
<span>17</span>
<span>18</span>
<span>19</span>
<span>20</span>
              </pre>
            </td>
<td width="100%">
<pre>
<div class="line">
</div><div class="line">    def call(env)
</div><div class="line active">      _, headers, body = response = @app.call(env)
</div><div class="line">
</div><div class="line">      if headers[&#39;X-Cascade&#39;] == &#39;pass&#39;
</div><div class="line">        body.close if body.respond_to?(:close)
</div>
</pre>
</td>
          </tr>
        </table>
      </div>
    </div>
    <div class="source hidden" id="frame-source-68">
      <div class="info">
        Extracted source (around line <strong>#20</strong>):
      </div>
      <div class="data">
        <table cellpadding="0" cellspacing="0" class="lines">
          <tr>
            <td>
              <pre class="line_numbers">
<span>18</span>
<span>19</span>
<span>20</span>
<span>21</span>
<span>22</span>
<span>23</span>
              </pre>
            </td>
<td width="100%">
<pre>
<div class="line">      app_exception = catch :app_exception do
</div><div class="line">        request = create_regular_or_whiny_request(env)
</div><div class="line active">        return @app.call(env) unless request.from_whitelited_ip?
</div><div class="line">
</div><div class="line">        if id = id_for_repl_session_update(request)
</div><div class="line">          return update_repl_session(id, request)
</div>
</pre>
</td>
          </tr>
        </table>
      </div>
    </div>
    <div class="source hidden" id="frame-source-69">
      <div class="info">
        Extracted source (around line <strong>#18</strong>):
      </div>
      <div class="data">
        <table cellpadding="0" cellspacing="0" class="lines">
          <tr>
            <td>
              <pre class="line_numbers">
<span>16</span>
<span>17</span>
<span>18</span>
<span>19</span>
<span>20</span>
<span>21</span>
              </pre>
            </td>
<td width="100%">
<pre>
<div class="line">
</div><div class="line">    def call(env)
</div><div class="line active">      app_exception = catch :app_exception do
</div><div class="line">        request = create_regular_or_whiny_request(env)
</div><div class="line">        return @app.call(env) unless request.from_whitelited_ip?
</div><div class="line">
</div>
</pre>
</td>
          </tr>
        </table>
      </div>
    </div>
    <div class="source hidden" id="frame-source-70">
      <div class="info">
        Extracted source (around line <strong>#18</strong>):
      </div>
      <div class="data">
        <table cellpadding="0" cellspacing="0" class="lines">
          <tr>
            <td>
              <pre class="line_numbers">
<span>16</span>
<span>17</span>
<span>18</span>
<span>19</span>
<span>20</span>
<span>21</span>
              </pre>
            </td>
<td width="100%">
<pre>
<div class="line">
</div><div class="line">    def call(env)
</div><div class="line active">      app_exception = catch :app_exception do
</div><div class="line">        request = create_regular_or_whiny_request(env)
</div><div class="line">        return @app.call(env) unless request.from_whitelited_ip?
</div><div class="line">
</div>
</pre>
</td>
          </tr>
        </table>
      </div>
    </div>
    <div class="source hidden" id="frame-source-71">
      <div class="info">
        Extracted source (around line <strong>#30</strong>):
      </div>
      <div class="data">
        <table cellpadding="0" cellspacing="0" class="lines">
          <tr>
            <td>
              <pre class="line_numbers">
<span>28</span>
<span>29</span>
<span>30</span>
<span>31</span>
<span>32</span>
<span>33</span>
              </pre>
            </td>
<td width="100%">
<pre>
<div class="line">
</div><div class="line">    def call(env)
</div><div class="line active">      @app.call(env)
</div><div class="line">    rescue Exception =&gt; exception
</div><div class="line">      if env[&#39;action_dispatch.show_exceptions&#39;] == false
</div><div class="line">        raise exception
</div>
</pre>
</td>
          </tr>
        </table>
      </div>
    </div>
    <div class="source hidden" id="frame-source-72">
      <div class="info">
        Extracted source (around line <strong>#38</strong>):
      </div>
      <div class="data">
        <table cellpadding="0" cellspacing="0" class="lines">
          <tr>
            <td>
              <pre class="line_numbers">
<span>36</span>
<span>37</span>
<span>38</span>
<span>39</span>
<span>40</span>
<span>41</span>
              </pre>
            </td>
<td width="100%">
<pre>
<div class="line">        instrumenter.start &#39;request.action_dispatch&#39;, request: request
</div><div class="line">        logger.info { started_request_message(request) }
</div><div class="line active">        resp = @app.call(env)
</div><div class="line">        resp[2] = ::Rack::BodyProxy.new(resp[2]) { finish(request) }
</div><div class="line">        resp
</div><div class="line">      rescue Exception
</div>
</pre>
</td>
          </tr>
        </table>
      </div>
    </div>
    <div class="source hidden" id="frame-source-73">
      <div class="info">
        Extracted source (around line <strong>#20</strong>):
      </div>
      <div class="data">
        <table cellpadding="0" cellspacing="0" class="lines">
          <tr>
            <td>
              <pre class="line_numbers">
<span>18</span>
<span>19</span>
<span>20</span>
<span>21</span>
<span>22</span>
<span>23</span>
              </pre>
            </td>
<td width="100%">
<pre>
<div class="line">
</div><div class="line">        if logger.respond_to?(:tagged)
</div><div class="line active">          logger.tagged(compute_tags(request)) { call_app(request, env) }
</div><div class="line">        else
</div><div class="line">          call_app(request, env)
</div><div class="line">        end
</div>
</pre>
</td>
          </tr>
        </table>
      </div>
    </div>
    <div class="source hidden" id="frame-source-74">
      <div class="info">
        Extracted source (around line <strong>#68</strong>):
      </div>
      <div class="data">
        <table cellpadding="0" cellspacing="0" class="lines">
          <tr>
            <td>
              <pre class="line_numbers">
<span>66</span>
<span>67</span>
<span>68</span>
<span>69</span>
<span>70</span>
<span>71</span>
              </pre>
            </td>
<td width="100%">
<pre>
<div class="line">
</div><div class="line">    def tagged(*tags)
</div><div class="line active">      formatter.tagged(*tags) { yield self }
</div><div class="line">    end
</div><div class="line">
</div><div class="line">    def flush
</div>
</pre>
</td>
          </tr>
        </table>
      </div>
    </div>
    <div class="source hidden" id="frame-source-75">
      <div class="info">
        Extracted source (around line <strong>#26</strong>):
      </div>
      <div class="data">
        <table cellpadding="0" cellspacing="0" class="lines">
          <tr>
            <td>
              <pre class="line_numbers">
<span>24</span>
<span>25</span>
<span>26</span>
<span>27</span>
<span>28</span>
<span>29</span>
              </pre>
            </td>
<td width="100%">
<pre>
<div class="line">      def tagged(*tags)
</div><div class="line">        new_tags = push_tags(*tags)
</div><div class="line active">        yield self
</div><div class="line">      ensure
</div><div class="line">        pop_tags(new_tags.size)
</div><div class="line">      end
</div>
</pre>
</td>
          </tr>
        </table>
      </div>
    </div>
    <div class="source hidden" id="frame-source-76">
      <div class="info">
        Extracted source (around line <strong>#68</strong>):
      </div>
      <div class="data">
        <table cellpadding="0" cellspacing="0" class="lines">
          <tr>
            <td>
              <pre class="line_numbers">
<span>66</span>
<span>67</span>
<span>68</span>
<span>69</span>
<span>70</span>
<span>71</span>
              </pre>
            </td>
<td width="100%">
<pre>
<div class="line">
</div><div class="line">    def tagged(*tags)
</div><div class="line active">      formatter.tagged(*tags) { yield self }
</div><div class="line">    end
</div><div class="line">
</div><div class="line">    def flush
</div>
</pre>
</td>
          </tr>
        </table>
      </div>
    </div>
    <div class="source hidden" id="frame-source-77">
      <div class="info">
        Extracted source (around line <strong>#20</strong>):
      </div>
      <div class="data">
        <table cellpadding="0" cellspacing="0" class="lines">
          <tr>
            <td>
              <pre class="line_numbers">
<span>18</span>
<span>19</span>
<span>20</span>
<span>21</span>
<span>22</span>
<span>23</span>
              </pre>
            </td>
<td width="100%">
<pre>
<div class="line">
</div><div class="line">        if logger.respond_to?(:tagged)
</div><div class="line active">          logger.tagged(compute_tags(request)) { call_app(request, env) }
</div><div class="line">        else
</div><div class="line">          call_app(request, env)
</div><div class="line">        end
</div>
</pre>
</td>
          </tr>
        </table>
      </div>
    </div>
    <div class="source hidden" id="frame-source-78">
      <div class="info">
        Extracted source (around line <strong>#21</strong>):
      </div>
      <div class="data">
        <table cellpadding="0" cellspacing="0" class="lines">
          <tr>
            <td>
              <pre class="line_numbers">
<span>19</span>
<span>20</span>
<span>21</span>
<span>22</span>
<span>23</span>
<span>24</span>
              </pre>
            </td>
<td width="100%">
<pre>
<div class="line">    def call(env)
</div><div class="line">      env[&quot;action_dispatch.request_id&quot;] = external_request_id(env) || internal_request_id
</div><div class="line active">      @app.call(env).tap { |_status, headers, _body| headers[&quot;X-Request-Id&quot;] = env[&quot;action_dispatch.request_id&quot;] }
</div><div class="line">    end
</div><div class="line">
</div><div class="line">    private
</div>
</pre>
</td>
          </tr>
        </table>
      </div>
    </div>
    <div class="source hidden" id="frame-source-79">
      <div class="info">
        Extracted source (around line <strong>#22</strong>):
      </div>
      <div class="data">
        <table cellpadding="0" cellspacing="0" class="lines">
          <tr>
            <td>
              <pre class="line_numbers">
<span>20</span>
<span>21</span>
<span>22</span>
<span>23</span>
<span>24</span>
<span>25</span>
              </pre>
            </td>
<td width="100%">
<pre>
<div class="line">      end
</div><div class="line">
</div><div class="line active">      @app.call(env)
</div><div class="line">    end
</div><div class="line">
</div><div class="line">    def method_override(env)
</div>
</pre>
</td>
          </tr>
        </table>
      </div>
    </div>
    <div class="source hidden" id="frame-source-80">
      <div class="info">
        Extracted source (around line <strong>#18</strong>):
      </div>
      <div class="data">
        <table cellpadding="0" cellspacing="0" class="lines">
          <tr>
            <td>
              <pre class="line_numbers">
<span>16</span>
<span>17</span>
<span>18</span>
<span>19</span>
<span>20</span>
<span>21</span>
              </pre>
            </td>
<td width="100%">
<pre>
<div class="line">    def call(env)
</div><div class="line">      start_time = clock_time
</div><div class="line active">      status, headers, body = @app.call(env)
</div><div class="line">      request_time = clock_time - start_time
</div><div class="line">
</div><div class="line">      if !headers.has_key?(@header_name)
</div>
</pre>
</td>
          </tr>
        </table>
      </div>
    </div>
    <div class="source hidden" id="frame-source-81">
      <div class="info">
        Extracted source (around line <strong>#28</strong>):
      </div>
      <div class="data">
        <table cellpadding="0" cellspacing="0" class="lines">
          <tr>
            <td>
              <pre class="line_numbers">
<span>26</span>
<span>27</span>
<span>28</span>
<span>29</span>
<span>30</span>
<span>31</span>
              </pre>
            </td>
<td width="100%">
<pre>
<div class="line">          def call(env)
</div><div class="line">            LocalCacheRegistry.set_cache_for(local_cache_key, LocalStore.new)
</div><div class="line active">            response = @app.call(env)
</div><div class="line">            response[2] = ::Rack::BodyProxy.new(response[2]) do
</div><div class="line">              LocalCacheRegistry.set_cache_for(local_cache_key, nil)
</div><div class="line">            end
</div>
</pre>
</td>
          </tr>
        </table>
      </div>
    </div>
    <div class="source hidden" id="frame-source-82">
      <div class="info">
        Extracted source (around line <strong>#17</strong>):
      </div>
      <div class="data">
        <table cellpadding="0" cellspacing="0" class="lines">
          <tr>
            <td>
              <pre class="line_numbers">
<span>15</span>
<span>16</span>
<span>17</span>
<span>18</span>
<span>19</span>
<span>20</span>
              </pre>
            </td>
<td width="100%">
<pre>
<div class="line">      old, env[FLAG] = env[FLAG], false
</div><div class="line">      @mutex.lock
</div><div class="line active">      response = @app.call(env)
</div><div class="line">      body = BodyProxy.new(response[2]) { @mutex.unlock }
</div><div class="line">      response[2] = body
</div><div class="line">      response
</div>
</pre>
</td>
          </tr>
        </table>
      </div>
    </div>
    <div class="source hidden" id="frame-source-83">
      <div class="info">
        Extracted source (around line <strong>#116</strong>):
      </div>
      <div class="data">
        <table cellpadding="0" cellspacing="0" class="lines">
          <tr>
            <td>
              <pre class="line_numbers">
<span>114</span>
<span>115</span>
<span>116</span>
<span>117</span>
<span>118</span>
<span>119</span>
              </pre>
            </td>
<td width="100%">
<pre>
<div class="line">      end
</div><div class="line">
</div><div class="line active">      @app.call(env)
</div><div class="line">    end
</div><div class="line">  end
</div><div class="line">end
</div>
</pre>
</td>
          </tr>
        </table>
      </div>
    </div>
    <div class="source hidden" id="frame-source-84">
      <div class="info">
        Extracted source (around line <strong>#113</strong>):
      </div>
      <div class="data">
        <table cellpadding="0" cellspacing="0" class="lines">
          <tr>
            <td>
              <pre class="line_numbers">
<span>111</span>
<span>112</span>
<span>113</span>
<span>114</span>
<span>115</span>
<span>116</span>
              </pre>
            </td>
<td width="100%">
<pre>
<div class="line">
</div><div class="line">    def call(env)
</div><div class="line active">      status, headers, body = @app.call(env)
</div><div class="line">      if body.respond_to?(:to_path)
</div><div class="line">        case type = variation(env)
</div><div class="line">        when &#39;X-Accel-Redirect&#39;
</div>
</pre>
</td>
          </tr>
        </table>
      </div>
    </div>
    <div class="source hidden" id="frame-source-85">
      <div class="info">
        Extracted source (around line <strong>#24</strong>):
      </div>
      <div class="data">
        <table cellpadding="0" cellspacing="0" class="lines">
          <tr>
            <td>
              <pre class="line_numbers">
<span>22</span>
<span>23</span>
<span>24</span>
<span>25</span>
<span>26</span>
<span>27</span>
              </pre>
            </td>
<td width="100%">
<pre>
<div class="line">
</div><div class="line">      if request.ssl?
</div><div class="line active">        status, headers, body = @app.call(env)
</div><div class="line">        headers = hsts_headers.merge(headers)
</div><div class="line">        flag_cookies_as_secure!(headers)
</div><div class="line">        [status, headers, body]
</div>
</pre>
</td>
          </tr>
        </table>
      </div>
    </div>
    <div class="source hidden" id="frame-source-86">
      <div class="info">
        Extracted source (around line <strong>#518</strong>):
      </div>
      <div class="data">
        <table cellpadding="0" cellspacing="0" class="lines">
          <tr>
            <td>
              <pre class="line_numbers">
<span>516</span>
<span>517</span>
<span>518</span>
<span>519</span>
<span>520</span>
<span>521</span>
              </pre>
            </td>
<td width="100%">
<pre>
<div class="line">        env[&quot;ROUTES_#{routes.object_id}_SCRIPT_NAME&quot;] = env[&#39;SCRIPT_NAME&#39;].dup
</div><div class="line">      end
</div><div class="line active">      app.call(env)
</div><div class="line">    end
</div><div class="line">
</div><div class="line">    # Defines additional Rack env configuration that is added on each call.
</div>
</pre>
</td>
          </tr>
        </table>
      </div>
    </div>
    <div class="source hidden" id="frame-source-87">
      <div class="info">
        Extracted source (around line <strong>#165</strong>):
      </div>
      <div class="data">
        <table cellpadding="0" cellspacing="0" class="lines">
          <tr>
            <td>
              <pre class="line_numbers">
<span>163</span>
<span>164</span>
<span>165</span>
<span>166</span>
<span>167</span>
<span>168</span>
              </pre>
            </td>
<td width="100%">
<pre>
<div class="line">      env[&quot;ORIGINAL_FULLPATH&quot;] = build_original_fullpath(env)
</div><div class="line">      env[&quot;ORIGINAL_SCRIPT_NAME&quot;] = env[&quot;SCRIPT_NAME&quot;]
</div><div class="line active">      super(env)
</div><div class="line">    end
</div><div class="line">
</div><div class="line">    # Reload application routes regardless if they changed or not.
</div>
</pre>
</td>
          </tr>
        </table>
      </div>
    </div>
    <div class="source hidden" id="frame-source-88">
      <div class="info">
        Extracted source (around line <strong>#86</strong>):
      </div>
      <div class="data">
        <table cellpadding="0" cellspacing="0" class="lines">
          <tr>
            <td>
              <pre class="line_numbers">
<span>84</span>
<span>85</span>
<span>86</span>
<span>87</span>
<span>88</span>
<span>89</span>
              </pre>
            </td>
<td width="100%">
<pre>
<div class="line">      catch(:async) do
</div><div class="line">        # Process the request calling the Rack adapter
</div><div class="line active">        response = @app.call(@request.env)
</div><div class="line">      end
</div><div class="line">      response
</div><div class="line">    rescue Exception =&gt; e
</div>
</pre>
</td>
          </tr>
        </table>
      </div>
    </div>
    <div class="source hidden" id="frame-source-89">
      <div class="info">
        Extracted source (around line <strong>#84</strong>):
      </div>
      <div class="data">
        <table cellpadding="0" cellspacing="0" class="lines">
          <tr>
            <td>
              <pre class="line_numbers">
<span>82</span>
<span>83</span>
<span>84</span>
<span>85</span>
<span>86</span>
<span>87</span>
              </pre>
            </td>
<td width="100%">
<pre>
<div class="line">      # in removing this.
</div><div class="line">      response = AsyncResponse
</div><div class="line active">      catch(:async) do
</div><div class="line">        # Process the request calling the Rack adapter
</div><div class="line">        response = @app.call(@request.env)
</div><div class="line">      end
</div>
</pre>
</td>
          </tr>
        </table>
      </div>
    </div>
    <div class="source hidden" id="frame-source-90">
      <div class="info">
        Extracted source (around line <strong>#84</strong>):
      </div>
      <div class="data">
        <table cellpadding="0" cellspacing="0" class="lines">
          <tr>
            <td>
              <pre class="line_numbers">
<span>82</span>
<span>83</span>
<span>84</span>
<span>85</span>
<span>86</span>
<span>87</span>
              </pre>
            </td>
<td width="100%">
<pre>
<div class="line">      # in removing this.
</div><div class="line">      response = AsyncResponse
</div><div class="line active">      catch(:async) do
</div><div class="line">        # Process the request calling the Rack adapter
</div><div class="line">        response = @app.call(@request.env)
</div><div class="line">      end
</div>
</pre>
</td>
          </tr>
        </table>
      </div>
    </div>
    <div class="source hidden" id="frame-source-91">
      <div class="info">
        Extracted source (around line <strong>#53</strong>):
      </div>
      <div class="data">
        <table cellpadding="0" cellspacing="0" class="lines">
          <tr>
            <td>
              <pre class="line_numbers">
<span>51</span>
<span>52</span>
<span>53</span>
<span>54</span>
<span>55</span>
<span>56</span>
              </pre>
            </td>
<td width="100%">
<pre>
<div class="line">      else
</div><div class="line">        @request.threaded = false
</div><div class="line active">        post_process(pre_process)
</div><div class="line">      end
</div><div class="line">    end
</div><div class="line">
</div>
</pre>
</td>
          </tr>
        </table>
      </div>
    </div>
    <div class="source hidden" id="frame-source-92">
      <div class="info">
        Extracted source (around line <strong>#39</strong>):
      </div>
      <div class="data">
        <table cellpadding="0" cellspacing="0" class="lines">
          <tr>
            <td>
              <pre class="line_numbers">
<span>37</span>
<span>38</span>
<span>39</span>
<span>40</span>
<span>41</span>
<span>42</span>
              </pre>
            </td>
<td width="100%">
<pre>
<div class="line">      @idle = false
</div><div class="line">      trace data
</div><div class="line active">      process if @request.parse(data)
</div><div class="line">    rescue InvalidRequest =&gt; e
</div><div class="line">      log_error(&quot;Invalid request&quot;, e)
</div><div class="line">      post_process Response::BAD_REQUEST
</div>
</pre>
</td>
          </tr>
        </table>
      </div>
    </div>
    <div class="source hidden" id="frame-source-93">
      <div class="info">
        Extracted source (around line <strong>#195</strong>):
      </div>
      <div class="data">
        <table cellpadding="0" cellspacing="0" class="lines">
          <tr>
            <td>
              <pre class="line_numbers">
<span>193</span>
<span>194</span>
<span>195</span>
<span>196</span>
<span>197</span>
<span>198</span>
              </pre>
            </td>
<td width="100%">
<pre>
<div class="line">          while run_machine_once; end
</div><div class="line">        else
</div><div class="line active">          run_machine
</div><div class="line">        end
</div><div class="line">
</div><div class="line">      ensure
</div>
</pre>
</td>
          </tr>
        </table>
      </div>
    </div>
    <div class="source hidden" id="frame-source-94">
      <div class="info">
        Extracted source (around line <strong>#195</strong>):
      </div>
      <div class="data">
        <table cellpadding="0" cellspacing="0" class="lines">
          <tr>
            <td>
              <pre class="line_numbers">
<span>193</span>
<span>194</span>
<span>195</span>
<span>196</span>
<span>197</span>
<span>198</span>
              </pre>
            </td>
<td width="100%">
<pre>
<div class="line">          while run_machine_once; end
</div><div class="line">        else
</div><div class="line active">          run_machine
</div><div class="line">        end
</div><div class="line">
</div><div class="line">      ensure
</div>
</pre>
</td>
          </tr>
        </table>
      </div>
    </div>
    <div class="source hidden" id="frame-source-95">
      <div class="info">
        Extracted source (around line <strong>#73</strong>):
      </div>
      <div class="data">
        <table cellpadding="0" cellspacing="0" class="lines">
          <tr>
            <td>
              <pre class="line_numbers">
<span>71</span>
<span>72</span>
<span>73</span>
<span>74</span>
<span>75</span>
<span>76</span>
              </pre>
            </td>
<td width="100%">
<pre>
<div class="line">        else
</div><div class="line">          @started_reactor = true
</div><div class="line active">          EventMachine.run(&amp;starter)
</div><div class="line">        end
</div><div class="line">      end
</div><div class="line">      
</div>
</pre>
</td>
          </tr>
        </table>
      </div>
    </div>
    <div class="source hidden" id="frame-source-96">
      <div class="info">
        Extracted source (around line <strong>#162</strong>):
      </div>
      <div class="data">
        <table cellpadding="0" cellspacing="0" class="lines">
          <tr>
            <td>
              <pre class="line_numbers">
<span>160</span>
<span>161</span>
<span>162</span>
<span>163</span>
<span>164</span>
<span>165</span>
              </pre>
            </td>
<td width="100%">
<pre>
<div class="line">      log_info &quot;Listening on #{@backend}, CTRL+C to stop&quot;
</div><div class="line">
</div><div class="line active">      @backend.start { setup_signals if @setup_signals }
</div><div class="line">    end
</div><div class="line">    alias :start! :start
</div><div class="line">    
</div>
</pre>
</td>
          </tr>
        </table>
      </div>
    </div>
    <div class="source hidden" id="frame-source-97">
      <div class="info">
        Extracted source (around line <strong>#87</strong>):
      </div>
      <div class="data">
        <table cellpadding="0" cellspacing="0" class="lines">
          <tr>
            <td>
              <pre class="line_numbers">
<span>85</span>
<span>86</span>
<span>87</span>
<span>88</span>
<span>89</span>
<span>90</span>
              </pre>
            </td>
<td width="100%">
<pre>
<div class="line">        server.on_restart { Command.run(:start, @options) }
</div><div class="line">
</div><div class="line active">        server.start
</div><div class="line">      end
</div><div class="line">    
</div><div class="line">      def stop
</div>
</pre>
</td>
          </tr>
        </table>
      </div>
    </div>
    <div class="source hidden" id="frame-source-98">
      <div class="info">
        Extracted source (around line <strong>#203</strong>):
      </div>
      <div class="data">
        <table cellpadding="0" cellspacing="0" class="lines">
          <tr>
            <td>
              <pre class="line_numbers">
<span>201</span>
<span>202</span>
<span>203</span>
<span>204</span>
<span>205</span>
<span>206</span>
              </pre>
            </td>
<td width="100%">
<pre>
<div class="line">      if controller.respond_to?(@command)
</div><div class="line">        begin
</div><div class="line active">          controller.send(@command, *@arguments)
</div><div class="line">        rescue RunnerError =&gt; e
</div><div class="line">          abort e.message
</div><div class="line">        end
</div>
</pre>
</td>
          </tr>
        </table>
      </div>
    </div>
    <div class="source hidden" id="frame-source-99">
      <div class="info">
        Extracted source (around line <strong>#159</strong>):
      </div>
      <div class="data">
        <table cellpadding="0" cellspacing="0" class="lines">
          <tr>
            <td>
              <pre class="line_numbers">
<span>157</span>
<span>158</span>
<span>159</span>
<span>160</span>
<span>161</span>
<span>162</span>
              </pre>
            </td>
<td width="100%">
<pre>
<div class="line">    def run!
</div><div class="line">      if self.class.commands.include?(@command)
</div><div class="line active">        run_command
</div><div class="line">      elsif @command.nil?
</div><div class="line">        puts &quot;Command required&quot;
</div><div class="line">        puts @parser
</div>
</pre>
</td>
          </tr>
        </table>
      </div>
    </div>
    <div class="source hidden" id="frame-source-100">
      <div class="info">
        Extracted source (around line <strong>#6</strong>):
      </div>
      <div class="data">
        <table cellpadding="0" cellspacing="0" class="lines">
          <tr>
            <td>
              <pre class="line_numbers">
<span>4</span>
<span>5</span>
<span>6</span>
              </pre>
            </td>
<td width="100%">
<pre>
<div class="line">
</div><div class="line">require &#39;thin&#39;
</div><div class="line active">Thin::Runner.new(ARGV).run!
</div>
</pre>
</td>
          </tr>
        </table>
      </div>
    </div>
    <div class="source hidden" id="frame-source-101">
      <div class="info">
        Extracted source (around line <strong>#23</strong>):
      </div>
      <div class="data">
        <table cellpadding="0" cellspacing="0" class="lines">
          <tr>
            <td>
              <pre class="line_numbers">
<span>21</span>
<span>22</span>
<span>23</span>
              </pre>
            </td>
<td width="100%">
<pre>
<div class="line">
</div><div class="line">gem &#39;thin&#39;, version
</div><div class="line active">load Gem.bin_path(&#39;thin&#39;, &#39;thin&#39;, version)
</div>
</pre>
</td>
          </tr>
        </table>
      </div>
    </div>
    <div class="source hidden" id="frame-source-102">
      <div class="info">
        Extracted source (around line <strong>#23</strong>):
      </div>
      <div class="data">
        <table cellpadding="0" cellspacing="0" class="lines">
          <tr>
            <td>
              <pre class="line_numbers">
<span>21</span>
<span>22</span>
<span>23</span>
              </pre>
            </td>
<td width="100%">
<pre>
<div class="line">
</div><div class="line">gem &#39;thin&#39;, version
</div><div class="line active">load Gem.bin_path(&#39;thin&#39;, &#39;thin&#39;, version)
</div>
</pre>
</td>
          </tr>
        </table>
      </div>
    </div>

  
<p><code>Rails.root: /var/www/kakeibo</code></p>

<div id="traces">
    <a href="#" onclick="hide(&#39;Framework-Trace&#39;);hide(&#39;Full-Trace&#39;);show(&#39;Application-Trace&#39;);; return false;">Application Trace</a> |
    <a href="#" onclick="hide(&#39;Application-Trace&#39;);hide(&#39;Full-Trace&#39;);show(&#39;Framework-Trace&#39;);; return false;">Framework Trace</a> |
    <a href="#" onclick="hide(&#39;Application-Trace&#39;);hide(&#39;Framework-Trace&#39;);show(&#39;Full-Trace&#39;);; return false;">Full Trace</a> 

    <div id="Application-Trace" style="display: none;">
      <pre><code></code></pre>
    </div>
    <div id="Framework-Trace" style="display: none;">
      <pre><code><a class="trace-frames" data-frame-id="0" href="#">actionview (4.2.3) lib/action_view/path_set.rb:46:in `find&#39;</a><br><a class="trace-frames" data-frame-id="1" href="#">actionview (4.2.3) lib/action_view/lookup_context.rb:121:in `find&#39;</a><br><a class="trace-frames" data-frame-id="2" href="#">actionview (4.2.3) lib/action_view/renderer/abstract_renderer.rb:18:in `find_template&#39;</a><br><a class="trace-frames" data-frame-id="3" href="#">actionview (4.2.3) lib/action_view/renderer/template_renderer.rb:40:in `determine_template&#39;</a><br><a class="trace-frames" data-frame-id="4" href="#">actionview (4.2.3) lib/action_view/renderer/template_renderer.rb:8:in `render&#39;</a><br><a class="trace-frames" data-frame-id="5" href="#">actionview (4.2.3) lib/action_view/renderer/renderer.rb:42:in `render_template&#39;</a><br><a class="trace-frames" data-frame-id="6" href="#">actionview (4.2.3) lib/action_view/renderer/renderer.rb:23:in `render&#39;</a><br><a class="trace-frames" data-frame-id="7" href="#">actionview (4.2.3) lib/action_view/rendering.rb:100:in `_render_template&#39;</a><br><a class="trace-frames" data-frame-id="8" href="#">actionpack (4.2.3) lib/action_controller/metal/streaming.rb:217:in `_render_template&#39;</a><br><a class="trace-frames" data-frame-id="9" href="#">actionview (4.2.3) lib/action_view/rendering.rb:83:in `render_to_body&#39;</a><br><a class="trace-frames" data-frame-id="10" href="#">actionpack (4.2.3) lib/action_controller/metal/rendering.rb:32:in `render_to_body&#39;</a><br><a class="trace-frames" data-frame-id="11" href="#">actionpack (4.2.3) lib/action_controller/metal/renderers.rb:37:in `render_to_body&#39;</a><br><a class="trace-frames" data-frame-id="12" href="#">actionpack (4.2.3) lib/abstract_controller/rendering.rb:25:in `render&#39;</a><br><a class="trace-frames" data-frame-id="13" href="#">actionpack (4.2.3) lib/action_controller/metal/rendering.rb:16:in `render&#39;</a><br><a class="trace-frames" data-frame-id="14" href="#">actionpack (4.2.3) lib/action_controller/metal/instrumentation.rb:44:in `block (2 levels) in render&#39;</a><br><a class="trace-frames" data-frame-id="15" href="#">activesupport (4.2.3) lib/active_support/core_ext/benchmark.rb:12:in `block in ms&#39;</a><br><a class="trace-frames" data-frame-id="16" href="#">/usr/local/rbenv/versions/2.3.0/lib/ruby/2.3.0/benchmark.rb:308:in `realtime&#39;</a><br><a class="trace-frames" data-frame-id="17" href="#">activesupport (4.2.3) lib/active_support/core_ext/benchmark.rb:12:in `ms&#39;</a><br><a class="trace-frames" data-frame-id="18" href="#">actionpack (4.2.3) lib/action_controller/metal/instrumentation.rb:44:in `block in render&#39;</a><br><a class="trace-frames" data-frame-id="19" href="#">actionpack (4.2.3) lib/action_controller/metal/instrumentation.rb:87:in `cleanup_view_runtime&#39;</a><br><a class="trace-frames" data-frame-id="20" href="#">activerecord (4.2.3) lib/active_record/railties/controller_runtime.rb:25:in `cleanup_view_runtime&#39;</a><br><a class="trace-frames" data-frame-id="21" href="#">actionpack (4.2.3) lib/action_controller/metal/instrumentation.rb:43:in `render&#39;</a><br><a class="trace-frames" data-frame-id="22" href="#">actionpack (4.2.3) lib/action_controller/metal/implicit_render.rb:10:in `default_render&#39;</a><br><a class="trace-frames" data-frame-id="23" href="#">actionpack (4.2.3) lib/action_controller/metal/implicit_render.rb:5:in `send_action&#39;</a><br><a class="trace-frames" data-frame-id="24" href="#">actionpack (4.2.3) lib/abstract_controller/base.rb:198:in `process_action&#39;</a><br><a class="trace-frames" data-frame-id="25" href="#">actionpack (4.2.3) lib/action_controller/metal/rendering.rb:10:in `process_action&#39;</a><br><a class="trace-frames" data-frame-id="26" href="#">actionpack (4.2.3) lib/abstract_controller/callbacks.rb:20:in `block in process_action&#39;</a><br><a class="trace-frames" data-frame-id="27" href="#">activesupport (4.2.3) lib/active_support/callbacks.rb:115:in `call&#39;</a><br><a class="trace-frames" data-frame-id="28" href="#">activesupport (4.2.3) lib/active_support/callbacks.rb:553:in `block (2 levels) in compile&#39;</a><br><a class="trace-frames" data-frame-id="29" href="#">activesupport (4.2.3) lib/active_support/callbacks.rb:503:in `call&#39;</a><br><a class="trace-frames" data-frame-id="30" href="#">activesupport (4.2.3) lib/active_support/callbacks.rb:88:in `run_callbacks&#39;</a><br><a class="trace-frames" data-frame-id="31" href="#">actionpack (4.2.3) lib/abstract_controller/callbacks.rb:19:in `process_action&#39;</a><br><a class="trace-frames" data-frame-id="32" href="#">actionpack (4.2.3) lib/action_controller/metal/rescue.rb:29:in `process_action&#39;</a><br><a class="trace-frames" data-frame-id="33" href="#">actionpack (4.2.3) lib/action_controller/metal/instrumentation.rb:32:in `block in process_action&#39;</a><br><a class="trace-frames" data-frame-id="34" href="#">activesupport (4.2.3) lib/active_support/notifications.rb:164:in `block in instrument&#39;</a><br><a class="trace-frames" data-frame-id="35" href="#">activesupport (4.2.3) lib/active_support/notifications/instrumenter.rb:20:in `instrument&#39;</a><br><a class="trace-frames" data-frame-id="36" href="#">activesupport (4.2.3) lib/active_support/notifications.rb:164:in `instrument&#39;</a><br><a class="trace-frames" data-frame-id="37" href="#">actionpack (4.2.3) lib/action_controller/metal/instrumentation.rb:30:in `process_action&#39;</a><br><a class="trace-frames" data-frame-id="38" href="#">actionpack (4.2.3) lib/action_controller/metal/params_wrapper.rb:250:in `process_action&#39;</a><br><a class="trace-frames" data-frame-id="39" href="#">activerecord (4.2.3) lib/active_record/railties/controller_runtime.rb:18:in `process_action&#39;</a><br><a class="trace-frames" data-frame-id="40" href="#">actionpack (4.2.3) lib/abstract_controller/base.rb:137:in `process&#39;</a><br><a class="trace-frames" data-frame-id="41" href="#">actionview (4.2.3) lib/action_view/rendering.rb:30:in `process&#39;</a><br><a class="trace-frames" data-frame-id="42" href="#">actionpack (4.2.3) lib/action_controller/metal.rb:196:in `dispatch&#39;</a><br><a class="trace-frames" data-frame-id="43" href="#">actionpack (4.2.3) lib/action_controller/metal/rack_delegation.rb:13:in `dispatch&#39;</a><br><a class="trace-frames" data-frame-id="44" href="#">actionpack (4.2.3) lib/action_controller/metal.rb:237:in `block in action&#39;</a><br><a class="trace-frames" data-frame-id="45" href="#">actionpack (4.2.3) lib/action_dispatch/routing/route_set.rb:76:in `dispatch&#39;</a><br><a class="trace-frames" data-frame-id="46" href="#">actionpack (4.2.3) lib/action_dispatch/routing/route_set.rb:45:in `serve&#39;</a><br><a class="trace-frames" data-frame-id="47" href="#">actionpack (4.2.3) lib/action_dispatch/journey/router.rb:43:in `block in serve&#39;</a><br><a class="trace-frames" data-frame-id="48" href="#">actionpack (4.2.3) lib/action_dispatch/journey/router.rb:30:in `each&#39;</a><br><a class="trace-frames" data-frame-id="49" href="#">actionpack (4.2.3) lib/action_dispatch/journey/router.rb:30:in `serve&#39;</a><br><a class="trace-frames" data-frame-id="50" href="#">actionpack (4.2.3) lib/action_dispatch/routing/route_set.rb:821:in `call&#39;</a><br><a class="trace-frames" data-frame-id="51" href="#">rack (1.6.8) lib/rack/etag.rb:24:in `call&#39;</a><br><a class="trace-frames" data-frame-id="52" href="#">rack (1.6.8) lib/rack/conditionalget.rb:38:in `call&#39;</a><br><a class="trace-frames" data-frame-id="53" href="#">rack (1.6.8) lib/rack/head.rb:13:in `call&#39;</a><br><a class="trace-frames" data-frame-id="54" href="#">actionpack (4.2.3) lib/action_dispatch/middleware/params_parser.rb:27:in `call&#39;</a><br><a class="trace-frames" data-frame-id="55" href="#">actionpack (4.2.3) lib/action_dispatch/middleware/flash.rb:260:in `call&#39;</a><br><a class="trace-frames" data-frame-id="56" href="#">rack (1.6.8) lib/rack/session/abstract/id.rb:225:in `context&#39;</a><br><a class="trace-frames" data-frame-id="57" href="#">rack (1.6.8) lib/rack/session/abstract/id.rb:220:in `call&#39;</a><br><a class="trace-frames" data-frame-id="58" href="#">actionpack (4.2.3) lib/action_dispatch/middleware/cookies.rb:560:in `call&#39;</a><br><a class="trace-frames" data-frame-id="59" href="#">activerecord (4.2.3) lib/active_record/query_cache.rb:36:in `call&#39;</a><br><a class="trace-frames" data-frame-id="60" href="#">activerecord (4.2.3) lib/active_record/connection_adapters/abstract/connection_pool.rb:653:in `call&#39;</a><br><a class="trace-frames" data-frame-id="61" href="#">activerecord (4.2.3) lib/active_record/migration.rb:377:in `call&#39;</a><br><a class="trace-frames" data-frame-id="62" href="#">actionpack (4.2.3) lib/action_dispatch/middleware/callbacks.rb:29:in `block in call&#39;</a><br><a class="trace-frames" data-frame-id="63" href="#">activesupport (4.2.3) lib/active_support/callbacks.rb:84:in `run_callbacks&#39;</a><br><a class="trace-frames" data-frame-id="64" href="#">actionpack (4.2.3) lib/action_dispatch/middleware/callbacks.rb:27:in `call&#39;</a><br><a class="trace-frames" data-frame-id="65" href="#">actionpack (4.2.3) lib/action_dispatch/middleware/reloader.rb:73:in `call&#39;</a><br><a class="trace-frames" data-frame-id="66" href="#">actionpack (4.2.3) lib/action_dispatch/middleware/remote_ip.rb:78:in `call&#39;</a><br><a class="trace-frames" data-frame-id="67" href="#">actionpack (4.2.3) lib/action_dispatch/middleware/debug_exceptions.rb:17:in `call&#39;</a><br><a class="trace-frames" data-frame-id="68" href="#">web-console (2.3.0) lib/web_console/middleware.rb:20:in `block in call&#39;</a><br><a class="trace-frames" data-frame-id="69" href="#">web-console (2.3.0) lib/web_console/middleware.rb:18:in `catch&#39;</a><br><a class="trace-frames" data-frame-id="70" href="#">web-console (2.3.0) lib/web_console/middleware.rb:18:in `call&#39;</a><br><a class="trace-frames" data-frame-id="71" href="#">actionpack (4.2.3) lib/action_dispatch/middleware/show_exceptions.rb:30:in `call&#39;</a><br><a class="trace-frames" data-frame-id="72" href="#">railties (4.2.3) lib/rails/rack/logger.rb:38:in `call_app&#39;</a><br><a class="trace-frames" data-frame-id="73" href="#">railties (4.2.3) lib/rails/rack/logger.rb:20:in `block in call&#39;</a><br><a class="trace-frames" data-frame-id="74" href="#">activesupport (4.2.3) lib/active_support/tagged_logging.rb:68:in `block in tagged&#39;</a><br><a class="trace-frames" data-frame-id="75" href="#">activesupport (4.2.3) lib/active_support/tagged_logging.rb:26:in `tagged&#39;</a><br><a class="trace-frames" data-frame-id="76" href="#">activesupport (4.2.3) lib/active_support/tagged_logging.rb:68:in `tagged&#39;</a><br><a class="trace-frames" data-frame-id="77" href="#">railties (4.2.3) lib/rails/rack/logger.rb:20:in `call&#39;</a><br><a class="trace-frames" data-frame-id="78" href="#">actionpack (4.2.3) lib/action_dispatch/middleware/request_id.rb:21:in `call&#39;</a><br><a class="trace-frames" data-frame-id="79" href="#">rack (1.6.8) lib/rack/methodoverride.rb:22:in `call&#39;</a><br><a class="trace-frames" data-frame-id="80" href="#">rack (1.6.8) lib/rack/runtime.rb:18:in `call&#39;</a><br><a class="trace-frames" data-frame-id="81" href="#">activesupport (4.2.3) lib/active_support/cache/strategy/local_cache_middleware.rb:28:in `call&#39;</a><br><a class="trace-frames" data-frame-id="82" href="#">rack (1.6.8) lib/rack/lock.rb:17:in `call&#39;</a><br><a class="trace-frames" data-frame-id="83" href="#">actionpack (4.2.3) lib/action_dispatch/middleware/static.rb:116:in `call&#39;</a><br><a class="trace-frames" data-frame-id="84" href="#">rack (1.6.8) lib/rack/sendfile.rb:113:in `call&#39;</a><br><a class="trace-frames" data-frame-id="85" href="#">actionpack (4.2.3) lib/action_dispatch/middleware/ssl.rb:24:in `call&#39;</a><br><a class="trace-frames" data-frame-id="86" href="#">railties (4.2.3) lib/rails/engine.rb:518:in `call&#39;</a><br><a class="trace-frames" data-frame-id="87" href="#">railties (4.2.3) lib/rails/application.rb:165:in `call&#39;</a><br><a class="trace-frames" data-frame-id="88" href="#">thin (1.7.2) lib/thin/connection.rb:86:in `block in pre_process&#39;</a><br><a class="trace-frames" data-frame-id="89" href="#">thin (1.7.2) lib/thin/connection.rb:84:in `catch&#39;</a><br><a class="trace-frames" data-frame-id="90" href="#">thin (1.7.2) lib/thin/connection.rb:84:in `pre_process&#39;</a><br><a class="trace-frames" data-frame-id="91" href="#">thin (1.7.2) lib/thin/connection.rb:53:in `process&#39;</a><br><a class="trace-frames" data-frame-id="92" href="#">thin (1.7.2) lib/thin/connection.rb:39:in `receive_data&#39;</a><br><a class="trace-frames" data-frame-id="93" href="#">eventmachine (1.2.7) lib/eventmachine.rb:195:in `run_machine&#39;</a><br><a class="trace-frames" data-frame-id="94" href="#">eventmachine (1.2.7) lib/eventmachine.rb:195:in `run&#39;</a><br><a class="trace-frames" data-frame-id="95" href="#">thin (1.7.2) lib/thin/backends/base.rb:73:in `start&#39;</a><br><a class="trace-frames" data-frame-id="96" href="#">thin (1.7.2) lib/thin/server.rb:162:in `start&#39;</a><br><a class="trace-frames" data-frame-id="97" href="#">thin (1.7.2) lib/thin/controllers/controller.rb:87:in `start&#39;</a><br><a class="trace-frames" data-frame-id="98" href="#">thin (1.7.2) lib/thin/runner.rb:203:in `run_command&#39;</a><br><a class="trace-frames" data-frame-id="99" href="#">thin (1.7.2) lib/thin/runner.rb:159:in `run!&#39;</a><br><a class="trace-frames" data-frame-id="100" href="#">thin (1.7.2) bin/thin:6:in `&lt;top (required)&gt;&#39;</a><br><a class="trace-frames" data-frame-id="101" href="#">/usr/local/rbenv/versions/2.3.0/bin/thin:23:in `load&#39;</a><br><a class="trace-frames" data-frame-id="102" href="#">/usr/local/rbenv/versions/2.3.0/bin/thin:23:in `&lt;main&gt;&#39;</a><br></code></pre>
    </div>
    <div id="Full-Trace" style="display: block;">
      <pre><code><a class="trace-frames" data-frame-id="0" href="#">actionview (4.2.3) lib/action_view/path_set.rb:46:in `find&#39;</a><br><a class="trace-frames" data-frame-id="1" href="#">actionview (4.2.3) lib/action_view/lookup_context.rb:121:in `find&#39;</a><br><a class="trace-frames" data-frame-id="2" href="#">actionview (4.2.3) lib/action_view/renderer/abstract_renderer.rb:18:in `find_template&#39;</a><br><a class="trace-frames" data-frame-id="3" href="#">actionview (4.2.3) lib/action_view/renderer/template_renderer.rb:40:in `determine_template&#39;</a><br><a class="trace-frames" data-frame-id="4" href="#">actionview (4.2.3) lib/action_view/renderer/template_renderer.rb:8:in `render&#39;</a><br><a class="trace-frames" data-frame-id="5" href="#">actionview (4.2.3) lib/action_view/renderer/renderer.rb:42:in `render_template&#39;</a><br><a class="trace-frames" data-frame-id="6" href="#">actionview (4.2.3) lib/action_view/renderer/renderer.rb:23:in `render&#39;</a><br><a class="trace-frames" data-frame-id="7" href="#">actionview (4.2.3) lib/action_view/rendering.rb:100:in `_render_template&#39;</a><br><a class="trace-frames" data-frame-id="8" href="#">actionpack (4.2.3) lib/action_controller/metal/streaming.rb:217:in `_render_template&#39;</a><br><a class="trace-frames" data-frame-id="9" href="#">actionview (4.2.3) lib/action_view/rendering.rb:83:in `render_to_body&#39;</a><br><a class="trace-frames" data-frame-id="10" href="#">actionpack (4.2.3) lib/action_controller/metal/rendering.rb:32:in `render_to_body&#39;</a><br><a class="trace-frames" data-frame-id="11" href="#">actionpack (4.2.3) lib/action_controller/metal/renderers.rb:37:in `render_to_body&#39;</a><br><a class="trace-frames" data-frame-id="12" href="#">actionpack (4.2.3) lib/abstract_controller/rendering.rb:25:in `render&#39;</a><br><a class="trace-frames" data-frame-id="13" href="#">actionpack (4.2.3) lib/action_controller/metal/rendering.rb:16:in `render&#39;</a><br><a class="trace-frames" data-frame-id="14" href="#">actionpack (4.2.3) lib/action_controller/metal/instrumentation.rb:44:in `block (2 levels) in render&#39;</a><br><a class="trace-frames" data-frame-id="15" href="#">activesupport (4.2.3) lib/active_support/core_ext/benchmark.rb:12:in `block in ms&#39;</a><br><a class="trace-frames" data-frame-id="16" href="#">/usr/local/rbenv/versions/2.3.0/lib/ruby/2.3.0/benchmark.rb:308:in `realtime&#39;</a><br><a class="trace-frames" data-frame-id="17" href="#">activesupport (4.2.3) lib/active_support/core_ext/benchmark.rb:12:in `ms&#39;</a><br><a class="trace-frames" data-frame-id="18" href="#">actionpack (4.2.3) lib/action_controller/metal/instrumentation.rb:44:in `block in render&#39;</a><br><a class="trace-frames" data-frame-id="19" href="#">actionpack (4.2.3) lib/action_controller/metal/instrumentation.rb:87:in `cleanup_view_runtime&#39;</a><br><a class="trace-frames" data-frame-id="20" href="#">activerecord (4.2.3) lib/active_record/railties/controller_runtime.rb:25:in `cleanup_view_runtime&#39;</a><br><a class="trace-frames" data-frame-id="21" href="#">actionpack (4.2.3) lib/action_controller/metal/instrumentation.rb:43:in `render&#39;</a><br><a class="trace-frames" data-frame-id="22" href="#">actionpack (4.2.3) lib/action_controller/metal/implicit_render.rb:10:in `default_render&#39;</a><br><a class="trace-frames" data-frame-id="23" href="#">actionpack (4.2.3) lib/action_controller/metal/implicit_render.rb:5:in `send_action&#39;</a><br><a class="trace-frames" data-frame-id="24" href="#">actionpack (4.2.3) lib/abstract_controller/base.rb:198:in `process_action&#39;</a><br><a class="trace-frames" data-frame-id="25" href="#">actionpack (4.2.3) lib/action_controller/metal/rendering.rb:10:in `process_action&#39;</a><br><a class="trace-frames" data-frame-id="26" href="#">actionpack (4.2.3) lib/abstract_controller/callbacks.rb:20:in `block in process_action&#39;</a><br><a class="trace-frames" data-frame-id="27" href="#">activesupport (4.2.3) lib/active_support/callbacks.rb:115:in `call&#39;</a><br><a class="trace-frames" data-frame-id="28" href="#">activesupport (4.2.3) lib/active_support/callbacks.rb:553:in `block (2 levels) in compile&#39;</a><br><a class="trace-frames" data-frame-id="29" href="#">activesupport (4.2.3) lib/active_support/callbacks.rb:503:in `call&#39;</a><br><a class="trace-frames" data-frame-id="30" href="#">activesupport (4.2.3) lib/active_support/callbacks.rb:88:in `run_callbacks&#39;</a><br><a class="trace-frames" data-frame-id="31" href="#">actionpack (4.2.3) lib/abstract_controller/callbacks.rb:19:in `process_action&#39;</a><br><a class="trace-frames" data-frame-id="32" href="#">actionpack (4.2.3) lib/action_controller/metal/rescue.rb:29:in `process_action&#39;</a><br><a class="trace-frames" data-frame-id="33" href="#">actionpack (4.2.3) lib/action_controller/metal/instrumentation.rb:32:in `block in process_action&#39;</a><br><a class="trace-frames" data-frame-id="34" href="#">activesupport (4.2.3) lib/active_support/notifications.rb:164:in `block in instrument&#39;</a><br><a class="trace-frames" data-frame-id="35" href="#">activesupport (4.2.3) lib/active_support/notifications/instrumenter.rb:20:in `instrument&#39;</a><br><a class="trace-frames" data-frame-id="36" href="#">activesupport (4.2.3) lib/active_support/notifications.rb:164:in `instrument&#39;</a><br><a class="trace-frames" data-frame-id="37" href="#">actionpack (4.2.3) lib/action_controller/metal/instrumentation.rb:30:in `process_action&#39;</a><br><a class="trace-frames" data-frame-id="38" href="#">actionpack (4.2.3) lib/action_controller/metal/params_wrapper.rb:250:in `process_action&#39;</a><br><a class="trace-frames" data-frame-id="39" href="#">activerecord (4.2.3) lib/active_record/railties/controller_runtime.rb:18:in `process_action&#39;</a><br><a class="trace-frames" data-frame-id="40" href="#">actionpack (4.2.3) lib/abstract_controller/base.rb:137:in `process&#39;</a><br><a class="trace-frames" data-frame-id="41" href="#">actionview (4.2.3) lib/action_view/rendering.rb:30:in `process&#39;</a><br><a class="trace-frames" data-frame-id="42" href="#">actionpack (4.2.3) lib/action_controller/metal.rb:196:in `dispatch&#39;</a><br><a class="trace-frames" data-frame-id="43" href="#">actionpack (4.2.3) lib/action_controller/metal/rack_delegation.rb:13:in `dispatch&#39;</a><br><a class="trace-frames" data-frame-id="44" href="#">actionpack (4.2.3) lib/action_controller/metal.rb:237:in `block in action&#39;</a><br><a class="trace-frames" data-frame-id="45" href="#">actionpack (4.2.3) lib/action_dispatch/routing/route_set.rb:76:in `dispatch&#39;</a><br><a class="trace-frames" data-frame-id="46" href="#">actionpack (4.2.3) lib/action_dispatch/routing/route_set.rb:45:in `serve&#39;</a><br><a class="trace-frames" data-frame-id="47" href="#">actionpack (4.2.3) lib/action_dispatch/journey/router.rb:43:in `block in serve&#39;</a><br><a class="trace-frames" data-frame-id="48" href="#">actionpack (4.2.3) lib/action_dispatch/journey/router.rb:30:in `each&#39;</a><br><a class="trace-frames" data-frame-id="49" href="#">actionpack (4.2.3) lib/action_dispatch/journey/router.rb:30:in `serve&#39;</a><br><a class="trace-frames" data-frame-id="50" href="#">actionpack (4.2.3) lib/action_dispatch/routing/route_set.rb:821:in `call&#39;</a><br><a class="trace-frames" data-frame-id="51" href="#">rack (1.6.8) lib/rack/etag.rb:24:in `call&#39;</a><br><a class="trace-frames" data-frame-id="52" href="#">rack (1.6.8) lib/rack/conditionalget.rb:38:in `call&#39;</a><br><a class="trace-frames" data-frame-id="53" href="#">rack (1.6.8) lib/rack/head.rb:13:in `call&#39;</a><br><a class="trace-frames" data-frame-id="54" href="#">actionpack (4.2.3) lib/action_dispatch/middleware/params_parser.rb:27:in `call&#39;</a><br><a class="trace-frames" data-frame-id="55" href="#">actionpack (4.2.3) lib/action_dispatch/middleware/flash.rb:260:in `call&#39;</a><br><a class="trace-frames" data-frame-id="56" href="#">rack (1.6.8) lib/rack/session/abstract/id.rb:225:in `context&#39;</a><br><a class="trace-frames" data-frame-id="57" href="#">rack (1.6.8) lib/rack/session/abstract/id.rb:220:in `call&#39;</a><br><a class="trace-frames" data-frame-id="58" href="#">actionpack (4.2.3) lib/action_dispatch/middleware/cookies.rb:560:in `call&#39;</a><br><a class="trace-frames" data-frame-id="59" href="#">activerecord (4.2.3) lib/active_record/query_cache.rb:36:in `call&#39;</a><br><a class="trace-frames" data-frame-id="60" href="#">activerecord (4.2.3) lib/active_record/connection_adapters/abstract/connection_pool.rb:653:in `call&#39;</a><br><a class="trace-frames" data-frame-id="61" href="#">activerecord (4.2.3) lib/active_record/migration.rb:377:in `call&#39;</a><br><a class="trace-frames" data-frame-id="62" href="#">actionpack (4.2.3) lib/action_dispatch/middleware/callbacks.rb:29:in `block in call&#39;</a><br><a class="trace-frames" data-frame-id="63" href="#">activesupport (4.2.3) lib/active_support/callbacks.rb:84:in `run_callbacks&#39;</a><br><a class="trace-frames" data-frame-id="64" href="#">actionpack (4.2.3) lib/action_dispatch/middleware/callbacks.rb:27:in `call&#39;</a><br><a class="trace-frames" data-frame-id="65" href="#">actionpack (4.2.3) lib/action_dispatch/middleware/reloader.rb:73:in `call&#39;</a><br><a class="trace-frames" data-frame-id="66" href="#">actionpack (4.2.3) lib/action_dispatch/middleware/remote_ip.rb:78:in `call&#39;</a><br><a class="trace-frames" data-frame-id="67" href="#">actionpack (4.2.3) lib/action_dispatch/middleware/debug_exceptions.rb:17:in `call&#39;</a><br><a class="trace-frames" data-frame-id="68" href="#">web-console (2.3.0) lib/web_console/middleware.rb:20:in `block in call&#39;</a><br><a class="trace-frames" data-frame-id="69" href="#">web-console (2.3.0) lib/web_console/middleware.rb:18:in `catch&#39;</a><br><a class="trace-frames" data-frame-id="70" href="#">web-console (2.3.0) lib/web_console/middleware.rb:18:in `call&#39;</a><br><a class="trace-frames" data-frame-id="71" href="#">actionpack (4.2.3) lib/action_dispatch/middleware/show_exceptions.rb:30:in `call&#39;</a><br><a class="trace-frames" data-frame-id="72" href="#">railties (4.2.3) lib/rails/rack/logger.rb:38:in `call_app&#39;</a><br><a class="trace-frames" data-frame-id="73" href="#">railties (4.2.3) lib/rails/rack/logger.rb:20:in `block in call&#39;</a><br><a class="trace-frames" data-frame-id="74" href="#">activesupport (4.2.3) lib/active_support/tagged_logging.rb:68:in `block in tagged&#39;</a><br><a class="trace-frames" data-frame-id="75" href="#">activesupport (4.2.3) lib/active_support/tagged_logging.rb:26:in `tagged&#39;</a><br><a class="trace-frames" data-frame-id="76" href="#">activesupport (4.2.3) lib/active_support/tagged_logging.rb:68:in `tagged&#39;</a><br><a class="trace-frames" data-frame-id="77" href="#">railties (4.2.3) lib/rails/rack/logger.rb:20:in `call&#39;</a><br><a class="trace-frames" data-frame-id="78" href="#">actionpack (4.2.3) lib/action_dispatch/middleware/request_id.rb:21:in `call&#39;</a><br><a class="trace-frames" data-frame-id="79" href="#">rack (1.6.8) lib/rack/methodoverride.rb:22:in `call&#39;</a><br><a class="trace-frames" data-frame-id="80" href="#">rack (1.6.8) lib/rack/runtime.rb:18:in `call&#39;</a><br><a class="trace-frames" data-frame-id="81" href="#">activesupport (4.2.3) lib/active_support/cache/strategy/local_cache_middleware.rb:28:in `call&#39;</a><br><a class="trace-frames" data-frame-id="82" href="#">rack (1.6.8) lib/rack/lock.rb:17:in `call&#39;</a><br><a class="trace-frames" data-frame-id="83" href="#">actionpack (4.2.3) lib/action_dispatch/middleware/static.rb:116:in `call&#39;</a><br><a class="trace-frames" data-frame-id="84" href="#">rack (1.6.8) lib/rack/sendfile.rb:113:in `call&#39;</a><br><a class="trace-frames" data-frame-id="85" href="#">actionpack (4.2.3) lib/action_dispatch/middleware/ssl.rb:24:in `call&#39;</a><br><a class="trace-frames" data-frame-id="86" href="#">railties (4.2.3) lib/rails/engine.rb:518:in `call&#39;</a><br><a class="trace-frames" data-frame-id="87" href="#">railties (4.2.3) lib/rails/application.rb:165:in `call&#39;</a><br><a class="trace-frames" data-frame-id="88" href="#">thin (1.7.2) lib/thin/connection.rb:86:in `block in pre_process&#39;</a><br><a class="trace-frames" data-frame-id="89" href="#">thin (1.7.2) lib/thin/connection.rb:84:in `catch&#39;</a><br><a class="trace-frames" data-frame-id="90" href="#">thin (1.7.2) lib/thin/connection.rb:84:in `pre_process&#39;</a><br><a class="trace-frames" data-frame-id="91" href="#">thin (1.7.2) lib/thin/connection.rb:53:in `process&#39;</a><br><a class="trace-frames" data-frame-id="92" href="#">thin (1.7.2) lib/thin/connection.rb:39:in `receive_data&#39;</a><br><a class="trace-frames" data-frame-id="93" href="#">eventmachine (1.2.7) lib/eventmachine.rb:195:in `run_machine&#39;</a><br><a class="trace-frames" data-frame-id="94" href="#">eventmachine (1.2.7) lib/eventmachine.rb:195:in `run&#39;</a><br><a class="trace-frames" data-frame-id="95" href="#">thin (1.7.2) lib/thin/backends/base.rb:73:in `start&#39;</a><br><a class="trace-frames" data-frame-id="96" href="#">thin (1.7.2) lib/thin/server.rb:162:in `start&#39;</a><br><a class="trace-frames" data-frame-id="97" href="#">thin (1.7.2) lib/thin/controllers/controller.rb:87:in `start&#39;</a><br><a class="trace-frames" data-frame-id="98" href="#">thin (1.7.2) lib/thin/runner.rb:203:in `run_command&#39;</a><br><a class="trace-frames" data-frame-id="99" href="#">thin (1.7.2) lib/thin/runner.rb:159:in `run!&#39;</a><br><a class="trace-frames" data-frame-id="100" href="#">thin (1.7.2) bin/thin:6:in `&lt;top (required)&gt;&#39;</a><br><a class="trace-frames" data-frame-id="101" href="#">/usr/local/rbenv/versions/2.3.0/bin/thin:23:in `load&#39;</a><br><a class="trace-frames" data-frame-id="102" href="#">/usr/local/rbenv/versions/2.3.0/bin/thin:23:in `&lt;main&gt;&#39;</a><br></code></pre>
    </div>

  <script type="text/javascript">
    var traceFrames = document.getElementsByClassName('trace-frames');
    var selectedFrame, currentSource = document.getElementById('frame-source-0');

    // Add click listeners for all stack frames
    for (var i = 0; i < traceFrames.length; i++) {
      traceFrames[i].addEventListener('click', function(e) {
        e.preventDefault();
        var target = e.target;
        var frame_id = target.dataset.frameId;

        if (selectedFrame) {
          selectedFrame.className = selectedFrame.className.replace("selected", "");
        }

        target.className += " selected";
        selectedFrame = target;

        // Change the extracted source code
        changeSourceExtract(frame_id);
      });

      function changeSourceExtract(frame_id) {
        var el = document.getElementById('frame-source-' + frame_id);
        if (currentSource && el) {
          currentSource.className += " hidden";
          el.className = el.className.replace(" hidden", "");
          currentSource = el;
        }
      }
    }
  </script>
</div>

  

<h2 style="margin-top: 30px">Request</h2>
<p><b>Parameters</b>:</p> <pre>{&quot;events&quot;=&gt;[{&quot;type&quot;=&gt;&quot;message&quot;,
 &quot;replyToken&quot;=&gt;&quot;58ad43959cf84acea962c76187674ac4&quot;,
 &quot;source&quot;=&gt;{&quot;userId&quot;=&gt;&quot;U1b9bda9a6cd75bb434614ebbf1fcfcd7&quot;,
 &quot;type&quot;=&gt;&quot;user&quot;},
 &quot;timestamp&quot;=&gt;1534723511510,
 &quot;message&quot;=&gt;{&quot;type&quot;=&gt;&quot;text&quot;,
 &quot;id&quot;=&gt;&quot;8444968039448&quot;,
 &quot;text&quot;=&gt;&quot;かきく&quot;}}],
 &quot;webhook&quot;=&gt;{&quot;events&quot;=&gt;[{&quot;type&quot;=&gt;&quot;message&quot;,
 &quot;replyToken&quot;=&gt;&quot;58ad43959cf84acea962c76187674ac4&quot;,
 &quot;source&quot;=&gt;{&quot;userId&quot;=&gt;&quot;U1b9bda9a6cd75bb434614ebbf1fcfcd7&quot;,
 &quot;type&quot;=&gt;&quot;user&quot;},
 &quot;timestamp&quot;=&gt;1534723511510,
 &quot;message&quot;=&gt;{&quot;type&quot;=&gt;&quot;text&quot;,
 &quot;id&quot;=&gt;&quot;8444968039448&quot;,
 &quot;text&quot;=&gt;&quot;かきく&quot;}}]}}</pre>

<div class="details">
  <div class="summary"><a href="#" onclick="return toggleSessionDump()">Toggle session dump</a></div>
  <div id="session_dump" style="display:none"><pre></pre></div>
</div>

<div class="details">
  <div class="summary"><a href="#" onclick="return toggleEnvDump()">Toggle env dump</a></div>
  <div id="env_dump" style="display:none"><pre>GATEWAY_INTERFACE: &quot;CGI/1.2&quot;
HTTP_ACCEPT: &quot;*/*&quot;
REMOTE_ADDR: &quot;203.104.146.155&quot;
SERVER_NAME: &quot;kakeibo.setouchino.cloud&quot;
SERVER_PROTOCOL: &quot;HTTP/1.1&quot;</pre></div>
</div>

<h2 style="margin-top: 30px">Response</h2>
<p><b>Headers</b>:</p> <pre>None</pre>

</div>


</body>
</html>

Stopping ...
